Component: ARM Compiler 5.06 update 6 (build 750) Tool: armlink [4d35ed]

==============================================================================

Section Cross References

    startup_stm32f103xb.o(STACK) refers (Special) to heapauxi.o(.text) for __use_two_region_memory
    startup_stm32f103xb.o(HEAP) refers (Special) to heapauxi.o(.text) for __use_two_region_memory
    startup_stm32f103xb.o(RESET) refers (Special) to heapauxi.o(.text) for __use_two_region_memory
    startup_stm32f103xb.o(RESET) refers to startup_stm32f103xb.o(STACK) for __initial_sp
    startup_stm32f103xb.o(RESET) refers to startup_stm32f103xb.o(.text) for Reset_Handler
    startup_stm32f103xb.o(RESET) refers to stm32f1xx_it.o(i.NMI_Handler) for NMI_Handler
    startup_stm32f103xb.o(RESET) refers to stm32f1xx_it.o(i.HardFault_Handler) for HardFault_Handler
    startup_stm32f103xb.o(RESET) refers to stm32f1xx_it.o(i.MemManage_Handler) for MemManage_Handler
    startup_stm32f103xb.o(RESET) refers to stm32f1xx_it.o(i.BusFault_Handler) for BusFault_Handler
    startup_stm32f103xb.o(RESET) refers to stm32f1xx_it.o(i.UsageFault_Handler) for UsageFault_Handler
    startup_stm32f103xb.o(RESET) refers to stm32f1xx_it.o(i.SVC_Handler) for SVC_Handler
    startup_stm32f103xb.o(RESET) refers to stm32f1xx_it.o(i.DebugMon_Handler) for DebugMon_Handler
    startup_stm32f103xb.o(RESET) refers to stm32f1xx_it.o(i.PendSV_Handler) for PendSV_Handler
    startup_stm32f103xb.o(RESET) refers to stm32f1xx_it.o(i.SysTick_Handler) for SysTick_Handler
    startup_stm32f103xb.o(RESET) refers to stm32f1xx_it.o(i.TIM1_UP_IRQHandler) for TIM1_UP_IRQHandler
    startup_stm32f103xb.o(RESET) refers to stm32f1xx_it.o(i.TIM2_IRQHandler) for TIM2_IRQHandler
    startup_stm32f103xb.o(RESET) refers to stm32f1xx_it.o(i.EXTI15_10_IRQHandler) for EXTI15_10_IRQHandler
    startup_stm32f103xb.o(.text) refers (Special) to heapauxi.o(.text) for __use_two_region_memory
    startup_stm32f103xb.o(.text) refers to system_stm32f1xx.o(i.SystemInit) for SystemInit
    startup_stm32f103xb.o(.text) refers to __main.o(!!!main) for __main
    startup_stm32f103xb.o(.text) refers to startup_stm32f103xb.o(HEAP) for Heap_Mem
    startup_stm32f103xb.o(.text) refers to startup_stm32f103xb.o(STACK) for Stack_Mem
    oled.o(i.OLED_Clear) refers to oled.o(i.OLED_Refresh) for OLED_Refresh
    oled.o(i.OLED_Clear) refers to oled.o(.bss) for .bss
    oled.o(i.OLED_ColorTurn) refers to oled.o(i.OLED_WR_Byte) for OLED_WR_Byte
    oled.o(i.OLED_DisPlay_Off) refers to oled.o(i.OLED_WR_Byte) for OLED_WR_Byte
    oled.o(i.OLED_DisPlay_On) refers to oled.o(i.OLED_WR_Byte) for OLED_WR_Byte
    oled.o(i.OLED_DisplayTurn) refers to oled.o(i.OLED_WR_Byte) for OLED_WR_Byte
    oled.o(i.OLED_DrawCircle) refers to oled.o(i.OLED_DrawPoint) for OLED_DrawPoint
    oled.o(i.OLED_DrawLine) refers to oled.o(i.OLED_DrawPoint) for OLED_DrawPoint
    oled.o(i.OLED_DrawPoint) refers to oled.o(.bss) for .bss
    oled.o(i.OLED_Init) refers to stm32f1xx_hal_gpio.o(i.HAL_GPIO_WritePin) for HAL_GPIO_WritePin
    oled.o(i.OLED_Init) refers to stm32f1xx_hal.o(i.HAL_Delay) for HAL_Delay
    oled.o(i.OLED_Init) refers to oled.o(i.OLED_WR_Byte) for OLED_WR_Byte
    oled.o(i.OLED_Init) refers to oled.o(i.OLED_Clear) for OLED_Clear
    oled.o(i.OLED_Refresh) refers to oled.o(i.OLED_WR_Byte) for OLED_WR_Byte
    oled.o(i.OLED_Refresh) refers to oled.o(.bss) for .bss
    oled.o(i.OLED_ScrollDisplay) refers to oled.o(i.OLED_ShowChinese) for OLED_ShowChinese
    oled.o(i.OLED_ScrollDisplay) refers to oled.o(i.OLED_Refresh) for OLED_Refresh
    oled.o(i.OLED_ScrollDisplay) refers to oled.o(.bss) for .bss
    oled.o(i.OLED_ShowChar) refers to oled.o(i.OLED_DrawPoint) for OLED_DrawPoint
    oled.o(i.OLED_ShowChar) refers to oled.o(.constdata) for .constdata
    oled.o(i.OLED_ShowChinese) refers to oled.o(i.OLED_DrawPoint) for OLED_DrawPoint
    oled.o(i.OLED_ShowChinese) refers to oled.o(.constdata) for .constdata
    oled.o(i.OLED_ShowNum) refers to oled.o(i.OLED_Pow) for OLED_Pow
    oled.o(i.OLED_ShowNum) refers to oled.o(i.OLED_ShowChar) for OLED_ShowChar
    oled.o(i.OLED_ShowPicture) refers to oled.o(i.OLED_DrawPoint) for OLED_DrawPoint
    oled.o(i.OLED_ShowString) refers to oled.o(i.OLED_ShowChar) for OLED_ShowChar
    oled.o(i.OLED_WR_Byte) refers to stm32f1xx_hal_gpio.o(i.HAL_GPIO_WritePin) for HAL_GPIO_WritePin
    oled.o(i.oled_showFnum) refers to _printf_percent.o(.ARM.Collect$$_printf_percent$$00000000) for _printf_percent
    oled.o(i.oled_showFnum) refers to _printf_f.o(.ARM.Collect$$_printf_percent$$00000003) for _printf_f
    oled.o(i.oled_showFnum) refers to printf1.o(x$fpl$printf1) for _printf_fp_dec
    oled.o(i.oled_showFnum) refers to f2d.o(x$fpl$f2d) for __aeabi_f2d
    oled.o(i.oled_showFnum) refers to noretval__2sprintf.o(.text) for __2sprintf
    oled.o(i.oled_showFnum) refers to oled.o(i.OLED_ShowString) for OLED_ShowString
    ds18b20.o(i.Check_DS) refers to ds18b20.o(i.Set_DS_Pin_In) for Set_DS_Pin_In
[...]
    CL$$btod_ediv                            0x0800128a   Section       42  btod.o(CL$$btod_ediv)
    CL$$btod_emul                            0x080012b4   Section       42  btod.o(CL$$btod_emul)
    CL$$btod_mult_common                     0x080012de   Section      580  btod.o(CL$$btod_mult_common)
    i.BusFault_Handler                       0x08001522   Section        0  stm32f1xx_it.o(i.BusFault_Handler)
    i.CalculateHeartRate                     0x08001524   Section        0  max30100.o(i.CalculateHeartRate)
    i.Check_DS                               0x08001548   Section        0  ds18b20.o(i.Check_DS)
    i.Coarse_delay_us                        0x080015a0   Section        0  dht11.o(i.Coarse_delay_us)
    i.DHT11_Check                            0x080015bc   Section        0  dht11.o(i.DHT11_Check)
    i.DHT11_GPIO_MODE_SET                    0x080015dc   Section        0  dht11.o(i.DHT11_GPIO_MODE_SET)
    DHT11_GPIO_MODE_SET                      0x080015dd   Thumb Code    42  dht11.o(i.DHT11_GPIO_MODE_SET)
    i.DHT11_READ_BIT                         0x0800160c   Section        0  dht11.o(i.DHT11_READ_BIT)
    i.DHT11_READ_BYTE                        0x08001648   Section        0  dht11.o(i.DHT11_READ_BYTE)
    i.DHT11_READ_DATA                        0x08001668   Section        0  dht11.o(i.DHT11_READ_DATA)
    i.DHT11_START                            0x0800171c   Section        0  dht11.o(i.DHT11_START)
    i.DS_Init                                0x08001744   Section        0  ds18b20.o(i.DS_Init)
    i.DS_Read_Byte                           0x08001754   Section        0  ds18b20.o(i.DS_Read_Byte)
    DS_Read_Byte                             0x08001755   Thumb Code    80  ds18b20.o(i.DS_Read_Byte)
    i.DS_Reset                               0x080017a8   Section        0  ds18b20.o(i.DS_Reset)
    i.DS_Write_Byte                          0x080017dc   Section        0  ds18b20.o(i.DS_Write_Byte)
    DS_Write_Byte                            0x080017dd   Thumb Code    86  ds18b20.o(i.DS_Write_Byte)
    i.DebugMon_Handler                       0x08001838   Section        0  stm32f1xx_it.o(i.DebugMon_Handler)
    i.EXTI15_10_IRQHandler                   0x0800183a   Section        0  stm32f1xx_it.o(i.EXTI15_10_IRQHandler)
    i.Error_Handler                          0x08001858   Section        0  main.o(i.Error_Handler)
    i.Get_DS_Temperature                     0x0800185c   Section        0  ds18b20.o(i.Get_DS_Temperature)
    i.HAL_Delay                              0x080018bc   Section        0  stm32f1xx_hal.o(i.HAL_Delay)
    i.HAL_GPIO_EXTI_Callback                 0x080018e0   Section        0  gpio.o(i.HAL_GPIO_EXTI_Callback)
    i.HAL_GPIO_EXTI_IRQHandler               0x08001908   Section        0  stm32f1xx_hal_gpio.o(i.HAL_GPIO_EXTI_IRQHandler)
    i.HAL_GPIO_Init                          0x08001920   Section        0  stm32f1xx_hal_gpio.o(i.HAL_GPIO_Init)
    i.HAL_GPIO_ReadPin                       0x08001b00   Section        0  stm32f1xx_hal_gpio.o(i.HAL_GPIO_ReadPin)
    i.HAL_GPIO_WritePin                      0x08001b0a   Section        0  stm32f1xx_hal_gpio.o(i.HAL_GPIO_WritePin)
    i.HAL_GetTick                            0x08001b14   Section        0  stm32f1xx_hal.o(i.HAL_GetTick)
    i.HAL_I2C_Init                           0x08001b20   Section        0  stm32f1xx_hal_i2c.o(i.HAL_I2C_Init)
    i.HAL_I2C_Mem_Read                       0x08001ca8   Section        0  stm32f1xx_hal_i2c.o(i.HAL_I2C_Mem_Read)
    i.HAL_I2C_Mem_Write                      0x08001f04   Section        0  stm32f1xx_hal_i2c.o(i.HAL_I2C_Mem_Write)
    i.HAL_I2C_MspInit                        0x08002034   Section        0  i2c.o(i.HAL_I2C_MspInit)
    i.HAL_IncTick                            0x08002090   Section        0  stm32f1xx_hal.o(i.HAL_IncTick)
    i.HAL_Init                               0x080020a0   Section        0  stm32f1xx_hal.o(i.HAL_Init)
    i.HAL_InitTick                           0x080020c4   Section        0  stm32f1xx_hal.o(i.HAL_InitTick)
    i.HAL_MspInit                            0x08002104   Section        0  stm32f1xx_hal_msp.o(i.HAL_MspInit)
    i.HAL_NVIC_EnableIRQ                     0x08002140   Section        0  stm32f1xx_hal_cortex.o(i.HAL_NVIC_EnableIRQ)
    i.HAL_NVIC_SetPriority                   0x0800215c   Section        0  stm32f1xx_hal_cortex.o(i.HAL_NVIC_SetPriority)
    i.HAL_NVIC_SetPriorityGrouping           0x0800219c   Section        0  stm32f1xx_hal_cortex.o(i.HAL_NVIC_SetPriorityGrouping)
    i.HAL_RCC_ClockConfig                    0x080021c0   Section        0  stm32f1xx_hal_rcc.o(i.HAL_RCC_ClockConfig)
    i.HAL_RCC_GetHCLKFreq                    0x080022ec   Section        0  stm32f1xx_hal_rcc.o(i.HAL_RCC_GetHCLKFreq)
    i.HAL_RCC_GetPCLK1Freq                   0x080022f8   Section        0  stm32f1xx_hal_rcc.o(i.HAL_RCC_GetPCLK1Freq)
    i.HAL_RCC_GetPCLK2Freq                   0x08002318   Section        0  stm32f1xx_hal_rcc.o(i.HAL_RCC_GetPCLK2Freq)
    i.HAL_RCC_GetSysClockFreq                0x08002338   Section        0  stm32f1xx_hal_rcc.o(i.HAL_RCC_GetSysClockFreq)
    i.HAL_RCC_OscConfig                      0x08002384   Section        0  stm32f1xx_hal_rcc.o(i.HAL_RCC_OscConfig)
    i.HAL_SYSTICK_Config                     0x080026a4   Section        0  stm32f1xx_hal_cortex.o(i.HAL_SYSTICK_Config)
    i.HAL_TIMEx_BreakCallback                0x080026cc   Section        0  stm32f1xx_hal_tim_ex.o(i.HAL_TIMEx_BreakCallback)
    i.HAL_TIMEx_CommutCallback               0x080026ce   Section        0  stm32f1xx_hal_tim_ex.o(i.HAL_TIMEx_CommutCallback)
    i.HAL_TIMEx_MasterConfigSynchronization  0x080026d0   Section        0  stm32f1xx_hal_tim_ex.o(i.HAL_TIMEx_MasterConfigSynchronization)
    i.HAL_TIM_Base_Init                      0x08002738   Section        0  stm32f1xx_hal_tim.o(i.HAL_TIM_Base_Init)
    i.HAL_TIM_Base_MspInit                   0x08002794   Section        0  tim.o(i.HAL_TIM_Base_MspInit)
    i.HAL_TIM_Base_Start_IT                  0x080027f4   Section        0  stm32f1xx_hal_tim.o(i.HAL_TIM_Base_Start_IT)
    i.HAL_TIM_ConfigClockSource              0x0800284c   Section        0  stm32f1xx_hal_tim.o(i.HAL_TIM_ConfigClockSource)
    i.HAL_TIM_IC_CaptureCallback             0x08002928   Section        0  stm32f1xx_hal_tim.o(i.HAL_TIM_IC_CaptureCallback)
    i.HAL_TIM_IRQHandler                     0x0800292a   Section        0  stm32f1xx_hal_tim.o(i.HAL_TIM_IRQHandler)
    i.HAL_TIM_OC_DelayElapsedCallback        0x08002a5a   Section        0  stm32f1xx_hal_tim.o(i.HAL_TIM_OC_DelayElapsedCallback)
    i.HAL_TIM_PWM_PulseFinishedCallback      0x08002a5c   Section        0  stm32f1xx_hal_tim.o(i.HAL_TIM_PWM_PulseFinishedCallback)
    i.HAL_TIM_PeriodElapsedCallback          0x08002a60   Section        0  tim.o(i.HAL_TIM_PeriodElapsedCallback)
    i.HAL_TIM_TriggerCallback                0x08002ad0   Section        0  stm32f1xx_hal_tim.o(i.HAL_TIM_TriggerCallback)
    i.HAL_UART_Init                          0x08002ad2   Section        0  stm32f1xx_hal_uart.o(i.HAL_UART_Init)
    i.HAL_UART_MspInit                       0x08002b38   Section        0  usart.o(i.HAL_UART_MspInit)
    i.HAL_UART_Transmit                      0x08002be4   Section        0  stm32f1xx_hal_uart.o(i.HAL_UART_Transmit)
    i.HX711_GetWeight                        0x08002c84   Section        0  hx711.o(i.HX711_GetWeight)
    i.HX711_Init                             0x08002c9e   Section        0  hx711.o(i.HX711_Init)
    i.HX711_IsReady                          0x08002cc2   Section        0  hx711.o(i.HX711_IsReady)
    i.HX711_Read                             0x08002cd6   Section        0  hx711.o(i.HX711_Read)
    i.HX711_ReadAverage                      0x08002d3c   Section        0  hx711.o(i.HX711_ReadAverage)
    i.HX711_SetScale                         0x08002d74   Section        0  hx711.o(i.HX711_SetScale)
    i.HX711_Tare                             0x08002d78   Section        0  hx711.o(i.HX711_Tare)
    i.HardFault_Handler                      0x08002d84   Section        0  stm32f1xx_it.o(i.HardFault_Handler)
    i.I2C_IsAcknowledgeFailed                0x08002d86   Section        0  stm32f1xx_hal_i2c.o(i.I2C_IsAcknowledgeFailed)
    I2C_IsAcknowledgeFailed                  0x08002d87   Thumb Code    46  stm32f1xx_hal_i2c.o(i.I2C_IsAcknowledgeFailed)
    i.I2C_RequestMemoryRead                  0x08002db4   Section        0  stm32f1xx_hal_i2c.o(i.I2C_RequestMemoryRead)
    I2C_RequestMemoryRead                    0x08002db5   Thumb Code   246  stm32f1xx_hal_i2c.o(i.I2C_RequestMemoryRead)
    i.I2C_RequestMemoryWrite                 0x08002eb0   Section        0  stm32f1xx_hal_i2c.o(i.I2C_RequestMemoryWrite)
    I2C_RequestMemoryWrite                   0x08002eb1   Thumb Code   162  stm32f1xx_hal_i2c.o(i.I2C_RequestMemoryWrite)
    i.I2C_WaitOnBTFFlagUntilTimeout          0x08002f58   Section        0  stm32f1xx_hal_i2c.o(i.I2C_WaitOnBTFFlagUntilTimeout)
    I2C_WaitOnBTFFlagUntilTimeout            0x08002f59   Thumb Code    86  stm32f1xx_hal_i2c.o(i.I2C_WaitOnBTFFlagUntilTimeout)
    i.I2C_WaitOnFlagUntilTimeout             0x08002fb0   Section        0  stm32f1xx_hal_i2c.o(i.I2C_WaitOnFlagUntilTimeout)
    I2C_WaitOnFlagUntilTimeout               0x08002fb1   Thumb Code   144  stm32f1xx_hal_i2c.o(i.I2C_WaitOnFlagUntilTimeout)
    i.I2C_WaitOnMasterAddressFlagUntilTimeout 0x08003040   Section        0  stm32f1xx_hal_i2c.o(i.I2C_WaitOnMasterAddressFlagUntilTimeout)
    I2C_WaitOnMasterAddressFlagUntilTimeout  0x08003041   Thumb Code   188  stm32f1xx_hal_i2c.o(i.I2C_WaitOnMasterAddressFlagUntilTimeout)
    i.I2C_WaitOnRXNEFlagUntilTimeout         0x080030fc   Section        0  stm32f1xx_hal_i2c.o(i.I2C_WaitOnRXNEFlagUntilTimeout)
    I2C_WaitOnRXNEFlagUntilTimeout           0x080030fd   Thumb Code   112  stm32f1xx_hal_i2c.o(i.I2C_WaitOnRXNEFlagUntilTimeout)
    i.I2C_WaitOnTXEFlagUntilTimeout          0x0800316c   Section        0  stm32f1xx_hal_i2c.o(i.I2C_WaitOnTXEFlagUntilTimeout)
    I2C_WaitOnTXEFlagUntilTimeout            0x0800316d   Thumb Code    86  stm32f1xx_hal_i2c.o(i.I2C_WaitOnTXEFlagUntilTimeout)
    i.MAX30100_Init                          0x080031c2   Section        0  max30100.o(i.MAX30100_Init)
    i.MAX30100_ReadFIFO                      0x08003220   Section        0  max30100.o(i.MAX30100_ReadFIFO)
    i.MAX30100_ReadReg                       0x08003254   Section        0  max30100.o(i.MAX30100_ReadReg)
    i.MAX30100_Reset                         0x0800326e   Section        0  max30100.o(i.MAX30100_Reset)
    i.MAX30100_WriteReg                      0x08003276   Section        0  max30100.o(i.MAX30100_WriteReg)
    i.MX_GPIO_Init                           0x08003294   Section        0  gpio.o(i.MX_GPIO_Init)
    i.MX_I2C1_Init                           0x080033ac   Section        0  i2c.o(i.MX_I2C1_Init)
    i.MX_TIM1_Init                           0x080033ec   Section        0  tim.o(i.MX_TIM1_Init)
    i.MX_TIM2_Init                           0x0800345c   Section        0  tim.o(i.MX_TIM2_Init)
    i.MX_USART1_UART_Init                    0x080034c8   Section        0  usart.o(i.MX_USART1_UART_Init)
    i.MX_USART2_UART_Init                    0x08003500   Section        0  usart.o(i.MX_USART2_UART_Init)
    i.MemManage_Handler                      0x08003538   Section        0  stm32f1xx_it.o(i.MemManage_Handler)
    i.NMI_Handler                            0x0800353a   Section        0  stm32f1xx_it.o(i.NMI_Handler)
    i.OLED_Clear                             0x0800353c   Section        0  oled.o(i.OLED_Clear)
    i.OLED_ColorTurn                         0x08003568   Section        0  oled.o(i.OLED_ColorTurn)
    i.OLED_DisplayTurn                       0x08003580   Section        0  oled.o(i.OLED_DisplayTurn)
    i.OLED_DrawPoint                         0x080035ac   Section        0  oled.o(i.OLED_DrawPoint)
    i.OLED_Init                              0x080035d8   Section        0  oled.o(i.OLED_Init)
    i.OLED_Refresh                           0x080036e8   Section        0  oled.o(i.OLED_Refresh)
    i.OLED_ShowChar                          0x08003734   Section        0  oled.o(i.OLED_ShowChar)
    i.OLED_ShowString                        0x08003818   Section        0  oled.o(i.OLED_ShowString)
    i.OLED_WR_Byte                           0x08003854   Section        0  oled.o(i.OLED_WR_Byte)
    i.PendSV_Handler                         0x080038d8   Section        0  stm32f1xx_it.o(i.PendSV_Handler)
    i.SVC_Handler                            0x080038da   Section        0  stm32f1xx_it.o(i.SVC_Handler)
    i.Set_DS_Pin_In                          0x080038dc   Section        0  ds18b20.o(i.Set_DS_Pin_In)
    Set_DS_Pin_In                            0x080038dd   Thumb Code    48  ds18b20.o(i.Set_DS_Pin_In)
    i.Set_DS_Pin_Out                         0x08003914   Section        0  ds18b20.o(i.Set_DS_Pin_Out)
    Set_DS_Pin_Out                           0x08003915   Thumb Code    48  ds18b20.o(i.Set_DS_Pin_Out)
    i.SysTick_Handler                        0x0800394c   Section        0  stm32f1xx_it.o(i.SysTick_Handler)
    i.SystemClock_Config                     0x08003950   Section        0  main.o(i.SystemClock_Config)
    i.SystemInit                             0x080039ae   Section        0  system_stm32f1xx.o(i.SystemInit)
    i.TIM1_UP_IRQHandler                     0x080039b0   Section        0  stm32f1xx_it.o(i.TIM1_UP_IRQHandler)
    i.TIM2_IRQHandler                        0x080039bc   Section        0  stm32f1xx_it.o(i.TIM2_IRQHandler)
    i.TIM_Base_SetConfig                     0x080039c8   Section        0  stm32f1xx_hal_tim.o(i.TIM_Base_SetConfig)
    i.TIM_ETR_SetConfig                      0x08003a40   Section        0  stm32f1xx_hal_tim.o(i.TIM_ETR_SetConfig)
    i.TIM_ITRx_SetConfig                     0x08003a54   Section        0  stm32f1xx_hal_tim.o(i.TIM_ITRx_SetConfig)
    TIM_ITRx_SetConfig                       0x08003a55   Thumb Code    16  stm32f1xx_hal_tim.o(i.TIM_ITRx_SetConfig)
    i.TIM_TI1_ConfigInputStage               0x08003a64   Section        0  stm32f1xx_hal_tim.o(i.TIM_TI1_ConfigInputStage)
    TIM_TI1_ConfigInputStage                 0x08003a65   Thumb Code    34  stm32f1xx_hal_tim.o(i.TIM_TI1_ConfigInputStage)
    i.TIM_TI2_ConfigInputStage               0x08003a86   Section        0  stm32f1xx_hal_tim.o(i.TIM_TI2_ConfigInputStage)
    TIM_TI2_ConfigInputStage                 0x08003a87   Thumb Code    36  stm32f1xx_hal_tim.o(i.TIM_TI2_ConfigInputStage)
    i.UART_EndRxTransfer                     0x08003aaa   Section        0  stm32f1xx_hal_uart.o(i.UART_EndRxTransfer)
    UART_EndRxTransfer                       0x08003aab   Thumb Code    78  stm32f1xx_hal_uart.o(i.UART_EndRxTransfer)
    i.UART_SetConfig                         0x08003af8   Section        0  stm32f1xx_hal_uart.o(i.UART_SetConfig)
    UART_SetConfig                           0x08003af9   Thumb Code   178  stm32f1xx_hal_uart.o(i.UART_SetConfig)
    i.UART_WaitOnFlagUntilTimeout            0x08003bb0   Section        0  stm32f1xx_hal_uart.o(i.UART_WaitOnFlagUntilTimeout)
    UART_WaitOnFlagUntilTimeout              0x08003bb1   Thumb Code   114  stm32f1xx_hal_uart.o(i.UART_WaitOnFlagUntilTimeout)
    i.UsageFault_Handler                     0x08003c22   Section        0  stm32f1xx_it.o(i.UsageFault_Handler)
    i.__ARM_fpclassify                       0x08003c24   Section        0  fpclassify.o(i.__ARM_fpclassify)
    i.__NVIC_SetPriority                     0x08003c4c   Section        0  stm32f1xx_hal_cortex.o(i.__NVIC_SetPriority)
    __NVIC_SetPriority                       0x08003c4d   Thumb Code    32  stm32f1xx_hal_cortex.o(i.__NVIC_SetPriority)
    i._is_digit                              0x08003c6c   Section        0  __printf_wp.o(i._is_digit)
    i.anshi_chiyao                           0x08003c7c   Section        0  usart.o(i.anshi_chiyao)
    i.delay_us                               0x08003c94   Section        0  ds18b20.o(i.delay_us)
    i.main                                   0x08003ce0   Section        0  main.o(i.main)
    i.moving_average                         0x08003ed0   Section        0  max30100.o(i.moving_average)
    i.uart1_send_messageCALL                 0x08003f08   Section        0  usart.o(i.uart1_send_messageCALL)
    i.uart1_send_messageXIN                  0x08003fa4   Section        0  usart.o(i.uart1_send_messageXIN)
    i.ui_setting                             0x0800404c   Section        0  main.o(i.ui_setting)
    ui_setting                               0x0800404d   Thumb Code   244  main.o(i.ui_setting)
    i.xinlv_yichang                          0x08004164   Section        0  usart.o(i.xinlv_yichang)
    locale$$code                             0x0800417c   Section       44  lc_numeric_c.o(locale$$code)
    x$fpl$d2f                                0x080041a8   Section       98  d2f.o(x$fpl$d2f)
    x$fpl$dcheck1                            0x0800420c   Section       16  dcheck1.o(x$fpl$dcheck1)
    x$fpl$dflt                               0x0800421c   Section       46  dflt_clz.o(x$fpl$dflt)
    x$fpl$dnaninf                            0x0800424a   Section      156  dnaninf.o(x$fpl$dnaninf)
    x$fpl$dretinf                            0x080042e6   Section       12  dretinf.o(x$fpl$dretinf)
    x$fpl$f2d                                0x080042f4   Section       86  f2d.o(x$fpl$f2d)
    x$fpl$fdiv                               0x0800434c   Section      388  fdiv.o(x$fpl$fdiv)
    _fdiv1                                   0x0800434d   Thumb Code     0  fdiv.o(x$fpl$fdiv)
    x$fpl$fflt                               0x080044d0   Section       48  fflt_clz.o(x$fpl$fflt)
    x$fpl$fnaninf                            0x08004500   Section      140  fnaninf.o(x$fpl$fnaninf)
    x$fpl$fretinf                            0x0800458c   Section       10  fretinf.o(x$fpl$fretinf)
    x$fpl$printf1                            0x08004596   Section        4  printf1.o(x$fpl$printf1)
    x$fpl$retnan                             0x0800459a   Section      100  retnan.o(x$fpl$retnan)
    x$fpl$scalbn                             0x080045fe   Section       92  scalbn.o(x$fpl$scalbn)
    x$fpl$trapveneer                         0x0800465a   Section       48  trapv.o(x$fpl$trapveneer)
    .constdata                               0x0800468a   Section     7696  oled.o(.constdata)
    x$fpl$usenofp                            0x0800468a   Section        0  usenofp.o(x$fpl$usenofp)
    .constdata                               0x0800649a   Section       18  stm32f1xx_hal_rcc.o(.constdata)
    aPredivFactorTable                       0x0800649a   Data           2  stm32f1xx_hal_rcc.o(.constdata)
    aPLLMULFactorTable                       0x0800649c   Data          16  stm32f1xx_hal_rcc.o(.constdata)
    .constdata                               0x080064ac   Section       16  system_stm32f1xx.o(.constdata)
    .constdata                               0x080064bc   Section        8  system_stm32f1xx.o(.constdata)
    .constdata                               0x080064c4   Section       17  __printf_flags_wp.o(.constdata)
    maptable                                 0x080064c4   Data          17  __printf_flags_wp.o(.constdata)
    .constdata                               0x080064d8   Section      148  bigflt0.o(.constdata)
    tenpwrs_x                                0x080064d8   Data          60  bigflt0.o(.constdata)
    tenpwrs_i                                0x08006514   Data          64  bigflt0.o(.constdata)
    locale$$data                             0x0800658c   Section       28  lc_numeric_c.o(locale$$data)
    __lcnum_c_name                           0x08006590   Data           2  lc_numeric_c.o(locale$$data)
    __lcnum_c_start                          0x08006598   Data           0  lc_numeric_c.o(locale$$data)
    __lcnum_c_point                          0x080065a4   Data           0  lc_numeric_c.o(locale$$data)
    __lcnum_c_thousands                      0x080065a6   Data           0  lc_numeric_c.o(locale$$data)
    __lcnum_c_grouping                       0x080065a7   Data           0  lc_numeric_c.o(locale$$data)
    __lcnum_c_end                            0x080065a8   Data           0  lc_numeric_c.o(locale$$data)
    .data                                    0x20000000   Section       16  main.o(.data)
    .data                                    0x20000010   Section        1  gpio.o(.data)
    .data                                    0x20000014   Section       12  tim.o(.data)
    tim2_count                               0x20000018   Data           4  tim.o(.data)
    i_count                                  0x2000001c   Data           4  tim.o(.data)
    .data                                    0x20000020   Section       26  usart.o(.data)
    .data                                    0x2000003c   Section       12  stm32f1xx_hal.o(.data)
    .data                                    0x20000048   Section        4  system_stm32f1xx.o(.data)
    .bss                                     0x2000004c   Section     1152  oled.o(.bss)
    .bss                                     0x200004cc   Section     1040  main.o(.bss)
    .bss                                     0x200008dc   Section       84  i2c.o(.bss)
    .bss                                     0x20000930   Section      144  tim.o(.bss)
    .bss                                     0x200009c0   Section      144  usart.o(.bss)
    .bss                                     0x20000a50   Section       96  libspace.o(.bss)
    HEAP                                     0x20000ab0   Section      512  startup_stm32f103xb.o(HEAP)
    Heap_Mem                                 0x20000ab0   Data         512  startup_stm32f103xb.o(HEAP)
    STACK                                    0x20000cb0   Section     1024  startup_stm32f103xb.o(STACK)
    Stack_Mem                                0x20000cb0   Data        1024  startup_stm32f103xb.o(STACK)
    __initial_sp                             0x200010b0   Data           0  startup_stm32f103xb.o(STACK)

    Global Symbols

    Symbol Name                              Value     Ov Type        Size  Object(Section)

    BuildAttributes$$THM_ISAv4$P$D$K$B$S$PE$A:L22UL41UL21$X:L11$S22US41US21$IEEE1$IW$USESV6$~STKCKD$USESV7$~SHL$OTIME$ROPI$IEEEJ$EBA8$UX$STANDARDLIB$REQ8$PRES8$EABIv2 0x00000000   Number         0  anon$$obj.o ABSOLUTE
    __ARM_use_no_argv                        0x00000000   Number         0  main.o ABSOLUTE
    _printf_flags                            0x00000000   Number         0  printf_stubs.o ABSOLUTE
    _printf_return_value                     0x00000000   Number         0  printf_stubs.o ABSOLUTE
    _printf_sizespec                         0x00000000   Number         0  printf_stubs.o ABSOLUTE
    _printf_widthprec                        0x00000000   Number         0  printf_stubs.o ABSOLUTE
    __ARM_exceptions_init                     - Undefined Weak Reference
    __alloca_initialize                       - Undefined Weak Reference
    __arm_preinit_                            - Undefined Weak Reference
    __cpp_initialize__aeabi_                  - Undefined Weak Reference
    __cxa_finalize                            - Undefined Weak Reference
    __sigvec_lookup                           - Undefined Weak Reference
    _atexit_init                              - Undefined Weak Reference
    _call_atexit_fns                          - Undefined Weak Reference
    _clock_init                               - Undefined Weak Reference
    _fp_trap_init                             - Undefined Weak Reference
    _fp_trap_shutdown                         - Undefined Weak Reference
    _get_lc_collate                           - Undefined Weak Reference
    _get_lc_ctype                             - Undefined Weak Reference
    _get_lc_monetary                          - Undefined Weak Reference
    _get_lc_time                              - Undefined Weak Reference
    _getenv_init                              - Undefined Weak Reference
    _handle_redirection                       - Undefined Weak Reference
    _init_alloc                               - Undefined Weak Reference
    _init_user_alloc                          - Undefined Weak Reference
    _initio                                   - Undefined Weak Reference
    _printf_truncate_signed                   - Undefined Weak Reference
    _printf_truncate_unsigned                 - Undefined Weak Reference
    _rand_init                                - Undefined Weak Reference
    _signal_finish                            - Undefined Weak Reference
    _signal_init                              - Undefined Weak Reference
    _terminate_alloc                          - Undefined Weak Reference
    _terminate_user_alloc                     - Undefined Weak Reference
    _terminateio                              - Undefined Weak Reference
    __Vectors_Size                           0x000000ec   Number         0  startup_stm32f103xb.o ABSOLUTE
    __Vectors                                0x08000000   Data           4  startup_stm32f103xb.o(RESET)
    __Vectors_End                            0x080000ec   Data           0  startup_stm32f103xb.o(RESET)
    __main                                   0x080000ed   Thumb Code     8  __main.o(!!!main)
    __scatterload                            0x080000f5   Thumb Code     0  __scatter.o(!!!scatter)
    __scatterload_rt2                        0x080000f5   Thumb Code    44  __scatter.o(!!!scatter)
    __scatterload_rt2_thumb_only             0x080000f5   Thumb Code     0  __scatter.o(!!!scatter)
    __scatterload_null                       0x08000103   Thumb Code     0  __scatter.o(!!!scatter)
    __scatterload_copy                       0x08000129   Thumb Code    26  __scatter_copy.o(!!handler_copy)
    __scatterload_zeroinit                   0x08000145   Thumb Code    28  __scatter_zi.o(!!handler_zi)
    _printf_f                                0x08000161   Thumb Code     0  _printf_f.o(.ARM.Collect$$_printf_percent$$00000003)
    _printf_percent                          0x08000161   Thumb Code     0  _printf_percent.o(.ARM.Collect$$_printf_percent$$00000000)
    _printf_d                                0x08000167   Thumb Code     0  _printf_d.o(.ARM.Collect$$_printf_percent$$00000009)
    _printf_percent_end                      0x0800016d   Thumb Code     0  _printf_percent_end.o(.ARM.Collect$$_printf_percent$$00000017)
    __rt_lib_init                            0x08000171   Thumb Code     0  libinit.o(.ARM.Collect$$libinit$$00000000)
    __rt_lib_init_fp_1                       0x08000173   Thumb Code     0  libinit2.o(.ARM.Collect$$libinit$$00000002)
    __rt_lib_init_heap_1                     0x08000173   Thumb Code     0  libinit2.o(.ARM.Collect$$libinit$$0000000A)
    __rt_lib_init_lc_common                  0x08000173   Thumb Code     0  libinit2.o(.ARM.Collect$$libinit$$0000000F)
    __rt_lib_init_preinit_1                  0x08000173   Thumb Code     0  libinit2.o(.ARM.Collect$$libinit$$00000004)
    __rt_lib_init_rand_1                     0x08000173   Thumb Code     0  libinit2.o(.ARM.Collect$$libinit$$0000000E)
    __rt_lib_init_user_alloc_1               0x08000173   Thumb Code     0  libinit2.o(.ARM.Collect$$libinit$$0000000C)
    __rt_lib_init_lc_collate_1               0x08000179   Thumb Code     0  libinit2.o(.ARM.Collect$$libinit$$00000011)
    __rt_lib_init_lc_ctype_1                 0x08000179   Thumb Code     0  libinit2.o(.ARM.Collect$$libinit$$00000013)
    __rt_lib_init_lc_monetary_1              0x08000179   Thumb Code     0  libinit2.o(.ARM.Collect$$libinit$$00000015)
    __rt_lib_init_lc_numeric_2               0x08000179   Thumb Code     0  libinit2.o(.ARM.Collect$$libinit$$00000016)
    __rt_lib_init_alloca_1                   0x08000183   Thumb Code     0  libinit2.o(.ARM.Collect$$libinit$$0000002E)
    __rt_lib_init_argv_1                     0x08000183   Thumb Code     0  libinit2.o(.ARM.Collect$$libinit$$0000002C)
    __rt_lib_init_atexit_1                   0x08000183   Thumb Code     0  libinit2.o(.ARM.Collect$$libinit$$0000001B)
    __rt_lib_init_clock_1                    0x08000183   Thumb Code     0  libinit2.o(.ARM.Collect$$libinit$$00000021)
    __rt_lib_init_cpp_1                      0x08000183   Thumb Code     0  libinit2.o(.ARM.Collect$$libinit$$00000032)
    __rt_lib_init_exceptions_1               0x08000183   Thumb Code     0  libinit2.o(.ARM.Collect$$libinit$$00000030)
    __rt_lib_init_fp_trap_1                  0x08000183   Thumb Code     0  libinit2.o(.ARM.Collect$$libinit$$0000001F)
    __rt_lib_init_getenv_1                   0x08000183   Thumb Code     0  libinit2.o(.ARM.Collect$$libinit$$00000023)
    __rt_lib_init_lc_numeric_1               0x08000183   Thumb Code     0  libinit2.o(.ARM.Collect$$libinit$$00000017)
    __rt_lib_init_lc_time_1                  0x08000183   Thumb Code     0  libinit2.o(.ARM.Collect$$libinit$$00000019)
    __rt_lib_init_return                     0x08000183   Thumb Code     0  libinit2.o(.ARM.Collect$$libinit$$00000033)
    __rt_lib_init_signal_1                   0x08000183   Thumb Code     0  libinit2.o(.ARM.Collect$$libinit$$0000001D)
    __rt_lib_init_stdio_1                    0x08000183   Thumb Code     0  libinit2.o(.ARM.Collect$$libinit$$00000025)
    __rt_lib_shutdown                        0x08000185   Thumb Code     0  libshutdown.o(.ARM.Collect$$libshutdown$$00000000)
    __rt_lib_shutdown_cpp_1                  0x08000187   Thumb Code     0  libshutdown2.o(.ARM.Collect$$libshutdown$$00000002)
    __rt_lib_shutdown_fp_trap_1              0x08000187   Thumb Code     0  libshutdown2.o(.ARM.Collect$$libshutdown$$00000007)
    __rt_lib_shutdown_heap_1                 0x08000187   Thumb Code     0  libshutdown2.o(.ARM.Collect$$libshutdown$$0000000F)
    __rt_lib_shutdown_return                 0x08000187   Thumb Code     0  libshutdown2.o(.ARM.Collect$$libshutdown$$00000010)
    __rt_lib_shutdown_signal_1               0x08000187   Thumb Code     0  libshutdown2.o(.ARM.Collect$$libshutdown$$0000000A)
    __rt_lib_shutdown_stdio_1                0x08000187   Thumb Code     0  libshutdown2.o(.ARM.Collect$$libshutdown$$00000004)
    __rt_lib_shutdown_user_alloc_1           0x08000187   Thumb Code     0  libshutdown2.o(.ARM.Collect$$libshutdown$$0000000C)
    __rt_entry                               0x08000189   Thumb Code     0  __rtentry.o(.ARM.Collect$$rtentry$$00000000)
    __rt_entry_presh_1                       0x08000189   Thumb Code     0  __rtentry2.o(.ARM.Collect$$rtentry$$00000002)
    __rt_entry_sh                            0x08000189   Thumb Code     0  __rtentry4.o(.ARM.Collect$$rtentry$$00000004)
    __rt_entry_li                            0x0800018f   Thumb Code     0  __rtentry2.o(.ARM.Collect$$rtentry$$0000000A)
    __rt_entry_postsh_1                      0x0800018f   Thumb Code     0  __rtentry2.o(.ARM.Collect$$rtentry$$00000009)
    __rt_entry_main                          0x08000193   Thumb Code     0  __rtentry2.o(.ARM.Collect$$rtentry$$0000000D)
    __rt_entry_postli_1                      0x08000193   Thumb Code     0  __rtentry2.o(.ARM.Collect$$rtentry$$0000000C)
    __rt_exit                                0x0800019b   Thumb Code     0  rtexit.o(.ARM.Collect$$rtexit$$00000000)
    __rt_exit_ls                             0x0800019d   Thumb Code     0  rtexit2.o(.ARM.Collect$$rtexit$$00000003)
    __rt_exit_prels_1                        0x0800019d   Thumb Code     0  rtexit2.o(.ARM.Collect$$rtexit$$00000002)
    __rt_exit_exit                           0x080001a1   Thumb Code     0  rtexit2.o(.ARM.Collect$$rtexit$$00000004)
    Reset_Handler                            0x080001a9   Thumb Code     8  startup_stm32f103xb.o(.text)
    ADC1_2_IRQHandler                        0x080001c3   Thumb Code     0  startup_stm32f103xb.o(.text)
    CAN1_RX1_IRQHandler                      0x080001c3   Thumb Code     0  startup_stm32f103xb.o(.text)
    CAN1_SCE_IRQHandler                      0x080001c3   Thumb Code     0  startup_stm32f103xb.o(.text)
    DMA1_Channel1_IRQHandler                 0x080001c3   Thumb Code     0  startup_stm32f103xb.o(.text)
    DMA1_Channel2_IRQHandler                 0x080001c3   Thumb Code     0  startup_stm32f103xb.o(.text)
    DMA1_Channel3_IRQHandler                 0x080001c3   Thumb Code     0  startup_stm32f103xb.o(.text)
    DMA1_Channel4_IRQHandler                 0x080001c3   Thumb Code     0  startup_stm32f103xb.o(.text)
    DMA1_Channel5_IRQHandler                 0x080001c3   Thumb Code     0  startup_stm32f103xb.o(.text)
    DMA1_Channel6_IRQHandler                 0x080001c3   Thumb Code     0  startup_stm32f103xb.o(.text)
    DMA1_Channel7_IRQHandler                 0x080001c3   Thumb Code     0  startup_stm32f103xb.o(.text)
    EXTI0_IRQHandler                         0x080001c3   Thumb Code     0  startup_stm32f103xb.o(.text)
    EXTI1_IRQHandler                         0x080001c3   Thumb Code     0  startup_stm32f103xb.o(.text)
    EXTI2_IRQHandler                         0x080001c3   Thumb Code     0  startup_stm32f103xb.o(.text)
    EXTI3_IRQHandler                         0x080001c3   Thumb Code     0  startup_stm32f103xb.o(.text)
    EXTI4_IRQHandler                         0x080001c3   Thumb Code     0  startup_stm32f103xb.o(.text)
    EXTI9_5_IRQHandler                       0x080001c3   Thumb Code     0  startup_stm32f103xb.o(.text)
    FLASH_IRQHandler                         0x080001c3   Thumb Code     0  startup_stm32f103xb.o(.text)
    I2C1_ER_IRQHandler                       0x080001c3   Thumb Code     0  startup_stm32f103xb.o(.text)
    I2C1_EV_IRQHandler                       0x080001c3   Thumb Code     0  startup_stm32f103xb.o(.text)
    I2C2_ER_IRQHandler                       0x080001c3   Thumb Code     0  startup_stm32f103xb.o(.text)
    I2C2_EV_IRQHandler                       0x080001c3   Thumb Code     0  startup_stm32f103xb.o(.text)
    PVD_IRQHandler                           0x080001c3   Thumb Code     0  startup_stm32f103xb.o(.text)
    RCC_IRQHandler                           0x080001c3   Thumb Code     0  startup_stm32f103xb.o(.text)
    RTC_Alarm_IRQHandler                     0x080001c3   Thumb Code     0  startup_stm32f103xb.o(.text)
    RTC_IRQHandler                           0x080001c3   Thumb Code     0  startup_stm32f103xb.o(.text)
    SPI1_IRQHandler                          0x080001c3   Thumb Code     0  startup_stm32f103xb.o(.text)
    SPI2_IRQHandler                          0x080001c3   Thumb Code     0  startup_stm32f103xb.o(.text)
    TAMPER_IRQHandler                        0x080001c3   Thumb Code     0  startup_stm32f103xb.o(.text)
    TIM1_BRK_IRQHandler                      0x080001c3   Thumb Code     0  startup_stm32f103xb.o(.text)
    TIM1_CC_IRQHandler                       0x080001c3   Thumb Code     0  startup_stm32f103xb.o(.text)
    TIM1_TRG_COM_IRQHandler                  0x080001c3   Thumb Code     0  startup_stm32f103xb.o(.text)
    TIM3_IRQHandler                          0x080001c3   Thumb Code     0  startup_stm32f103xb.o(.text)
    TIM4_IRQHandler                          0x080001c3   Thumb Code     0  startup_stm32f103xb.o(.text)
    USART1_IRQHandler                        0x080001c3   Thumb Code     0  startup_stm32f103xb.o(.text)
    USART2_IRQHandler                        0x080001c3   Thumb Code     0  startup_stm32f103xb.o(.text)
    USART3_IRQHandler                        0x080001c3   Thumb Code     0  startup_stm32f103xb.o(.text)
    USBWakeUp_IRQHandler                     0x080001c3   Thumb Code     0  startup_stm32f103xb.o(.text)
    USB_HP_CAN1_TX_IRQHandler                0x080001c3   Thumb Code     0  startup_stm32f103xb.o(.text)
    USB_LP_CAN1_RX0_IRQHandler               0x080001c3   Thumb Code     0  startup_stm32f103xb.o(.text)
    WWDG_IRQHandler                          0x080001c3   Thumb Code     0  startup_stm32f103xb.o(.text)
    __user_initial_stackheap                 0x080001c5   Thumb Code     0  startup_stm32f103xb.o(.text)
    __aeabi_ldivmod                          0x080001e9   Thumb Code     0  llsdiv.o(.text)
    _ll_sdiv                                 0x080001e9   Thumb Code    72  llsdiv.o(.text)
    __2sprintf                               0x08000231   Thumb Code    34  noretval__2sprintf.o(.text)
    _printf_pre_padding                      0x08000259   Thumb Code    44  _printf_pad.o(.text)
    _printf_post_padding                     0x08000285   Thumb Code    34  _printf_pad.o(.text)
    _printf_int_dec                          0x080002a9   Thumb Code   104  _printf_dec.o(.text)
    __printf                                 0x08000321   Thumb Code   308  __printf_flags_wp.o(.text)
    __aeabi_memclr4                          0x08000459   Thumb Code     0  rt_memclr_w.o(.text)
    __aeabi_memclr8                          0x08000459   Thumb Code     0  rt_memclr_w.o(.text)
    __rt_memclr_w                            0x08000459   Thumb Code    78  rt_memclr_w.o(.text)
    _memset_w                                0x0800045d   Thumb Code     0  rt_memclr_w.o(.text)
    __use_two_region_memory                  0x080004a7   Thumb Code     2  heapauxi.o(.text)
    __rt_heap_escrow$2region                 0x080004a9   Thumb Code     2  heapauxi.o(.text)
    __rt_heap_expand$2region                 0x080004ab   Thumb Code     2  heapauxi.o(.text)
    __aeabi_uldivmod                         0x080004ad   Thumb Code     0  lludivv7m.o(.text)
    _ll_udiv                                 0x080004ad   Thumb Code   238  lludivv7m.o(.text)
    _printf_int_common                       0x0800059b   Thumb Code   178  _printf_intcommon.o(.text)
    __lib_sel_fp_printf                      0x0800064d   Thumb Code     2  _printf_fp_dec.o(.text)
    _printf_fp_dec_real                      0x080007ff   Thumb Code   620  _printf_fp_dec.o(.text)
    _printf_char_common                      0x08000a77   Thumb Code    32  _printf_char_common.o(.text)
    _sputc                                   0x08000a9d   Thumb Code    10  _sputc.o(.text)
    __rt_locale                              0x08000aa9   Thumb Code     8  rt_locale_intlibspace.o(.text)
    _ll_udiv10                               0x08000ab1   Thumb Code   138  lludiv10.o(.text)
    _printf_fp_infnan                        0x08000b3d   Thumb Code   112  _printf_fp_infnan.o(.text)
    _btod_etento                             0x08000bbd   Thumb Code   224  bigflt0.o(.text)
    __user_libspace                          0x08000ca1   Thumb Code     8  libspace.o(.text)
    __user_perproc_libspace                  0x08000ca1   Thumb Code     0  libspace.o(.text)
    __user_perthread_libspace                0x08000ca1   Thumb Code     0  libspace.o(.text)
    __user_setup_stackheap                   0x08000ca9   Thumb Code    74  sys_stackheap_outer.o(.text)
    exit                                     0x08000cf3   Thumb Code    18  exit.o(.text)
    strcmp                                   0x08000d05   Thumb Code   128  strcmpv7m.o(.text)
    _sys_exit                                0x08000d85   Thumb Code     8  sys_exit.o(.text)
    __I$use$semihosting                      0x08000d91   Thumb Code     0  use_no_semi.o(.text)
    __use_no_semihosting_swi                 0x08000d91   Thumb Code     2  use_no_semi.o(.text)
    __semihosting_library_function           0x08000d93   Thumb Code     0  indicate_semi.o(.text)
    _btod_d2e                                0x08000d93   Thumb Code    62  btod.o(CL$$btod_d2e)
    _d2e_denorm_low                          0x08000dd1   Thumb Code    70  btod.o(CL$$btod_d2e_denorm_low)
    _d2e_norm_op1                            0x08000e17   Thumb Code    96  btod.o(CL$$btod_d2e_norm_op1)
    __btod_div_common                        0x08000e77   Thumb Code   696  btod.o(CL$$btod_div_common)
    _e2e                                     0x080011af   Thumb Code   220  btod.o(CL$$btod_e2e)
    _btod_ediv                               0x0800128b   Thumb Code    42  btod.o(CL$$btod_ediv)
    _btod_emul                               0x080012b5   Thumb Code    42  btod.o(CL$$btod_emul)
    __btod_mult_common                       0x080012df   Thumb Code   580  btod.o(CL$$btod_mult_common)
    BusFault_Handler                         0x08001523   Thumb Code     2  stm32f1xx_it.o(i.BusFault_Handler)
    CalculateHeartRate                       0x08001525   Thumb Code    34  max30100.o(i.CalculateHeartRate)
    Check_DS                                 0x08001549   Thumb Code    84  ds18b20.o(i.Check_DS)
    Coarse_delay_us                          0x080015a1   Thumb Code    22  dht11.o(i.Coarse_delay_us)
    DHT11_Check                              0x080015bd   Thumb Code    28  dht11.o(i.DHT11_Check)
    DHT11_READ_BIT                           0x0800160d   Thumb Code    54  dht11.o(i.DHT11_READ_BIT)
    DHT11_READ_BYTE                          0x08001649   Thumb Code    32  dht11.o(i.DHT11_READ_BYTE)
    DHT11_READ_DATA                          0x08001669   Thumb Code   154  dht11.o(i.DHT11_READ_DATA)
    DHT11_START                              0x0800171d   Thumb Code    36  dht11.o(i.DHT11_START)
    DS_Init                                  0x08001745   Thumb Code    14  ds18b20.o(i.DS_Init)
    DS_Reset                                 0x080017a9   Thumb Code    46  ds18b20.o(i.DS_Reset)
    DebugMon_Handler                         0x08001839   Thumb Code     2  stm32f1xx_it.o(i.DebugMon_Handler)
    EXTI15_10_IRQHandler                     0x0800183b   Thumb Code    30  stm32f1xx_it.o(i.EXTI15_10_IRQHandler)
    Error_Handler                            0x08001859   Thumb Code     4  main.o(i.Error_Handler)
    Get_DS_Temperature                       0x0800185d   Thumb Code    96  ds18b20.o(i.Get_DS_Temperature)
    HAL_Delay                                0x080018bd   Thumb Code    32  stm32f1xx_hal.o(i.HAL_Delay)
    HAL_GPIO_EXTI_Callback                   0x080018e1   Thumb Code    34  gpio.o(i.HAL_GPIO_EXTI_Callback)
    HAL_GPIO_EXTI_IRQHandler                 0x08001909   Thumb Code    18  stm32f1xx_hal_gpio.o(i.HAL_GPIO_EXTI_IRQHandler)
    HAL_GPIO_Init                            0x08001921   Thumb Code   446  stm32f1xx_hal_gpio.o(i.HAL_GPIO_Init)
    HAL_GPIO_ReadPin                         0x08001b01   Thumb Code    10  stm32f1xx_hal_gpio.o(i.HAL_GPIO_ReadPin)
    HAL_GPIO_WritePin                        0x08001b0b   Thumb Code    10  stm32f1xx_hal_gpio.o(i.HAL_GPIO_WritePin)
    HAL_GetTick                              0x08001b15   Thumb Code     6  stm32f1xx_hal.o(i.HAL_GetTick)
    HAL_I2C_Init                             0x08001b21   Thumb Code   376  stm32f1xx_hal_i2c.o(i.HAL_I2C_Init)
    HAL_I2C_Mem_Read                         0x08001ca9   Thumb Code   586  stm32f1xx_hal_i2c.o(i.HAL_I2C_Mem_Read)
    HAL_I2C_Mem_Write                        0x08001f05   Thumb Code   294  stm32f1xx_hal_i2c.o(i.HAL_I2C_Mem_Write)
    HAL_I2C_MspInit                          0x08002035   Thumb Code    80  i2c.o(i.HAL_I2C_MspInit)
    HAL_IncTick                              0x08002091   Thumb Code    12  stm32f1xx_hal.o(i.HAL_IncTick)
    HAL_Init                                 0x080020a1   Thumb Code    32  stm32f1xx_hal.o(i.HAL_Init)
    HAL_InitTick                             0x080020c5   Thumb Code    54  stm32f1xx_hal.o(i.HAL_InitTick)
    HAL_MspInit                              0x08002105   Thumb Code    52  stm32f1xx_hal_msp.o(i.HAL_MspInit)
    HAL_NVIC_EnableIRQ                       0x08002141   Thumb Code    26  stm32f1xx_hal_cortex.o(i.HAL_NVIC_EnableIRQ)
    HAL_NVIC_SetPriority                     0x0800215d   Thumb Code    60  stm32f1xx_hal_cortex.o(i.HAL_NVIC_SetPriority)
    HAL_NVIC_SetPriorityGrouping             0x0800219d   Thumb Code    26  stm32f1xx_hal_cortex.o(i.HAL_NVIC_SetPriorityGrouping)
    HAL_RCC_ClockConfig                      0x080021c1   Thumb Code   280  stm32f1xx_hal_rcc.o(i.HAL_RCC_ClockConfig)
    HAL_RCC_GetHCLKFreq                      0x080022ed   Thumb Code     6  stm32f1xx_hal_rcc.o(i.HAL_RCC_GetHCLKFreq)
    HAL_RCC_GetPCLK1Freq                     0x080022f9   Thumb Code    20  stm32f1xx_hal_rcc.o(i.HAL_RCC_GetPCLK1Freq)
    HAL_RCC_GetPCLK2Freq                     0x08002319   Thumb Code    20  stm32f1xx_hal_rcc.o(i.HAL_RCC_GetPCLK2Freq)
    HAL_RCC_GetSysClockFreq                  0x08002339   Thumb Code    58  stm32f1xx_hal_rcc.o(i.HAL_RCC_GetSysClockFreq)
    HAL_RCC_OscConfig                        0x08002385   Thumb Code   778  stm32f1xx_hal_rcc.o(i.HAL_RCC_OscConfig)
    HAL_SYSTICK_Config                       0x080026a5   Thumb Code    40  stm32f1xx_hal_cortex.o(i.HAL_SYSTICK_Config)
    HAL_TIMEx_BreakCallback                  0x080026cd   Thumb Code     2  stm32f1xx_hal_tim_ex.o(i.HAL_TIMEx_BreakCallback)
    HAL_TIMEx_CommutCallback                 0x080026cf   Thumb Code     2  stm32f1xx_hal_tim_ex.o(i.HAL_TIMEx_CommutCallback)
    HAL_TIMEx_MasterConfigSynchronization    0x080026d1   Thumb Code    92  stm32f1xx_hal_tim_ex.o(i.HAL_TIMEx_MasterConfigSynchronization)
    HAL_TIM_Base_Init                        0x08002739   Thumb Code    90  stm32f1xx_hal_tim.o(i.HAL_TIM_Base_Init)
    HAL_TIM_Base_MspInit                     0x08002795   Thumb Code    86  tim.o(i.HAL_TIM_Base_MspInit)
    HAL_TIM_Base_Start_IT                    0x080027f5   Thumb Code    76  stm32f1xx_hal_tim.o(i.HAL_TIM_Base_Start_IT)
    HAL_TIM_ConfigClockSource                0x0800284d   Thumb Code   220  stm32f1xx_hal_tim.o(i.HAL_TIM_ConfigClockSource)
    HAL_TIM_IC_CaptureCallback               0x08002929   Thumb Code     2  stm32f1xx_hal_tim.o(i.HAL_TIM_IC_CaptureCallback)
    HAL_TIM_IRQHandler                       0x0800292b   Thumb Code   304  stm32f1xx_hal_tim.o(i.HAL_TIM_IRQHandler)
    HAL_TIM_OC_DelayElapsedCallback          0x08002a5b   Thumb Code     2  stm32f1xx_hal_tim.o(i.HAL_TIM_OC_DelayElapsedCallback)
    HAL_TIM_PWM_PulseFinishedCallback        0x08002a5d   Thumb Code     2  stm32f1xx_hal_tim.o(i.HAL_TIM_PWM_PulseFinishedCallback)
    HAL_TIM_PeriodElapsedCallback            0x08002a61   Thumb Code    90  tim.o(i.HAL_TIM_PeriodElapsedCallback)
    HAL_TIM_TriggerCallback                  0x08002ad1   Thumb Code     2  stm32f1xx_hal_tim.o(i.HAL_TIM_TriggerCallback)
    HAL_UART_Init                            0x08002ad3   Thumb Code   100  stm32f1xx_hal_uart.o(i.HAL_UART_Init)
    HAL_UART_MspInit                         0x08002b39   Thumb Code   156  usart.o(i.HAL_UART_MspInit)
    HAL_UART_Transmit                        0x08002be5   Thumb Code   160  stm32f1xx_hal_uart.o(i.HAL_UART_Transmit)
    HX711_GetWeight                          0x08002c85   Thumb Code    26  hx711.o(i.HX711_GetWeight)
    HX711_Init                               0x08002c9f   Thumb Code    36  hx711.o(i.HX711_Init)
    HX711_IsReady                            0x08002cc3   Thumb Code    20  hx711.o(i.HX711_IsReady)
    HX711_Read                               0x08002cd7   Thumb Code   102  hx711.o(i.HX711_Read)
    HX711_ReadAverage                        0x08002d3d   Thumb Code    56  hx711.o(i.HX711_ReadAverage)
    HX711_SetScale                           0x08002d75   Thumb Code     4  hx711.o(i.HX711_SetScale)
    HX711_Tare                               0x08002d79   Thumb Code    12  hx711.o(i.HX711_Tare)
    HardFault_Handler                        0x08002d85   Thumb Code     2  stm32f1xx_it.o(i.HardFault_Handler)
    MAX30100_Init                            0x080031c3   Thumb Code    94  max30100.o(i.MAX30100_Init)
    MAX30100_ReadFIFO                        0x08003221   Thumb Code    52  max30100.o(i.MAX30100_ReadFIFO)
    MAX30100_ReadReg                         0x08003255   Thumb Code    26  max30100.o(i.MAX30100_ReadReg)
    MAX30100_Reset                           0x0800326f   Thumb Code     8  max30100.o(i.MAX30100_Reset)
    MAX30100_WriteReg                        0x08003277   Thumb Code    28  max30100.o(i.MAX30100_WriteReg)
    MX_GPIO_Init                             0x08003295   Thumb Code   260  gpio.o(i.MX_GPIO_Init)
    MX_I2C1_Init                             0x080033ad   Thumb Code    50  i2c.o(i.MX_I2C1_Init)
    MX_TIM1_Init                             0x080033ed   Thumb Code   104  tim.o(i.MX_TIM1_Init)
    MX_TIM2_Init                             0x0800345d   Thumb Code   104  tim.o(i.MX_TIM2_Init)
    MX_USART1_UART_Init                      0x080034c9   Thumb Code    48  usart.o(i.MX_USART1_UART_Init)
    MX_USART2_UART_Init                      0x08003501   Thumb Code    48  usart.o(i.MX_USART2_UART_Init)
    MemManage_Handler                        0x08003539   Thumb Code     2  stm32f1xx_it.o(i.MemManage_Handler)
    NMI_Handler                              0x0800353b   Thumb Code     2  stm32f1xx_it.o(i.NMI_Handler)
    OLED_Clear                               0x0800353d   Thumb Code    40  oled.o(i.OLED_Clear)
    OLED_ColorTurn                           0x08003569   Thumb Code    24  oled.o(i.OLED_ColorTurn)
    OLED_DisplayTurn                         0x08003581   Thumb Code    44  oled.o(i.OLED_DisplayTurn)
    OLED_DrawPoint                           0x080035ad   Thumb Code    40  oled.o(i.OLED_DrawPoint)
    OLED_Init                                0x080035d9   Thumb Code   266  oled.o(i.OLED_Init)
    OLED_Refresh                             0x080036e9   Thumb Code    70  oled.o(i.OLED_Refresh)
    OLED_ShowChar                            0x08003735   Thumb Code   212  oled.o(i.OLED_ShowChar)
    OLED_ShowString                          0x08003819   Thumb Code    60  oled.o(i.OLED_ShowString)
    OLED_WR_Byte                             0x08003855   Thumb Code   124  oled.o(i.OLED_WR_Byte)
    PendSV_Handler                           0x080038d9   Thumb Code     2  stm32f1xx_it.o(i.PendSV_Handler)
    SVC_Handler                              0x080038db   Thumb Code     2  stm32f1xx_it.o(i.SVC_Handler)
    SysTick_Handler                          0x0800394d   Thumb Code     4  stm32f1xx_it.o(i.SysTick_Handler)
    SystemClock_Config                       0x08003951   Thumb Code    94  main.o(i.SystemClock_Config)
    SystemInit                               0x080039af   Thumb Code     2  system_stm32f1xx.o(i.SystemInit)
    TIM1_UP_IRQHandler                       0x080039b1   Thumb Code     6  stm32f1xx_it.o(i.TIM1_UP_IRQHandler)
    TIM2_IRQHandler                          0x080039bd   Thumb Code     6  stm32f1xx_it.o(i.TIM2_IRQHandler)
    TIM_Base_SetConfig                       0x080039c9   Thumb Code   108  stm32f1xx_hal_tim.o(i.TIM_Base_SetConfig)
    TIM_ETR_SetConfig                        0x08003a41   Thumb Code    20  stm32f1xx_hal_tim.o(i.TIM_ETR_SetConfig)
    UsageFault_Handler                       0x08003c23   Thumb Code     2  stm32f1xx_it.o(i.UsageFault_Handler)
    __ARM_fpclassify                         0x08003c25   Thumb Code    40  fpclassify.o(i.__ARM_fpclassify)
    _is_digit                                0x08003c6d   Thumb Code    14  __printf_wp.o(i._is_digit)
    anshi_chiyao                             0x08003c7d   Thumb Code    14  usart.o(i.anshi_chiyao)
    delay_us                                 0x08003c95   Thumb Code    70  ds18b20.o(i.delay_us)
    main                                     0x08003ce1   Thumb Code   410  main.o(i.main)
    moving_average                           0x08003ed1   Thumb Code    56  max30100.o(i.moving_average)
    uart1_send_messageCALL                   0x08003f09   Thumb Code    90  usart.o(i.uart1_send_messageCALL)
    uart1_send_messageXIN                    0x08003fa5   Thumb Code    90  usart.o(i.uart1_send_messageXIN)
    xinlv_yichang                            0x08004165   Thumb Code    14  usart.o(i.xinlv_yichang)
    _get_lc_numeric                          0x0800417d   Thumb Code    44  lc_numeric_c.o(locale$$code)
    __aeabi_d2f                              0x080041a9   Thumb Code     0  d2f.o(x$fpl$d2f)
    _d2f                                     0x080041a9   Thumb Code    98  d2f.o(x$fpl$d2f)
    __fpl_dcheck_NaN1                        0x0800420d   Thumb Code    10  dcheck1.o(x$fpl$dcheck1)
    __aeabi_i2d                              0x0800421d   Thumb Code     0  dflt_clz.o(x$fpl$dflt)
    _dflt                                    0x0800421d   Thumb Code    46  dflt_clz.o(x$fpl$dflt)
    __fpl_dnaninf                            0x0800424b   Thumb Code   156  dnaninf.o(x$fpl$dnaninf)
    __fpl_dretinf                            0x080042e7   Thumb Code    12  dretinf.o(x$fpl$dretinf)
    __aeabi_f2d                              0x080042f5   Thumb Code     0  f2d.o(x$fpl$f2d)
    _f2d                                     0x080042f5   Thumb Code    86  f2d.o(x$fpl$f2d)
    __aeabi_fdiv                             0x0800434d   Thumb Code     0  fdiv.o(x$fpl$fdiv)
    _fdiv                                    0x0800434d   Thumb Code   384  fdiv.o(x$fpl$fdiv)
    __aeabi_i2f                              0x080044d1   Thumb Code     0  fflt_clz.o(x$fpl$fflt)
    _fflt                                    0x080044d1   Thumb Code    48  fflt_clz.o(x$fpl$fflt)
    __fpl_fnaninf                            0x08004501   Thumb Code   140  fnaninf.o(x$fpl$fnaninf)
    __fpl_fretinf                            0x0800458d   Thumb Code    10  fretinf.o(x$fpl$fretinf)
    _printf_fp_dec                           0x08004597   Thumb Code     4  printf1.o(x$fpl$printf1)
    __fpl_return_NaN                         0x0800459b   Thumb Code   100  retnan.o(x$fpl$retnan)
    __ARM_scalbn                             0x080045ff   Thumb Code    92  scalbn.o(x$fpl$scalbn)
    __fpl_cmpreturn                          0x0800465b   Thumb Code    48  trapv.o(x$fpl$trapveneer)
    __I$use$fp                               0x0800468a   Number         0  usenofp.o(x$fpl$usenofp)
    asc2_0806                                0x0800468a   Data         552  oled.o(.constdata)
    asc2_1206                                0x080048b2   Data        1140  oled.o(.constdata)
    asc2_1608                                0x08004d26   Data        1520  oled.o(.constdata)
    asc2_2412                                0x08005316   Data        3420  oled.o(.constdata)
    Hzk1                                     0x08006072   Data         352  oled.o(.constdata)
    Hzk2                                     0x080061d2   Data          72  oled.o(.constdata)
    Hzk3                                     0x0800621a   Data         128  oled.o(.constdata)
    Hzk4                                     0x0800629a   Data         512  oled.o(.constdata)
    AHBPrescTable                            0x080064ac   Data          16  system_stm32f1xx.o(.constdata)
    APBPrescTable                            0x080064bc   Data           8  system_stm32f1xx.o(.constdata)
    Region$$Table$$Base                      0x0800656c   Number         0  anon$$obj.o(Region$$Table)
    Region$$Table$$Limit                     0x0800658c   Number         0  anon$$obj.o(Region$$Table)
    buffer_index                             0x20000000   Data           4  main.o(.data)
    timer_set                                0x20000004   Data           4  main.o(.data)
    hr_set                                   0x20000008   Data           4  main.o(.data)
    num_d                                    0x2000000c   Data           4  main.o(.data)
    botton                                   0x20000010   Data           1  gpio.o(.data)
    send_messgae                             0x20000014   Data           1  tim.o(.data)
    chiyao                                   0x20000020   Data          13  usart.o(.data)
    xinlv                                    0x2000002d   Data          13  usart.o(.data)
    uwTickFreq                               0x2000003c   Data           1  stm32f1xx_hal.o(.data)
    uwTickPrio                               0x20000040   Data           4  stm32f1xx_hal.o(.data)
    uwTick                                   0x20000044   Data           4  stm32f1xx_hal.o(.data)
    SystemCoreClock                          0x20000048   Data           4  system_stm32f1xx.o(.data)
    OLED_GRAM                                0x2000004c   Data        1152  oled.o(.bss)
    hmax                                     0x200004cc   Data          16  main.o(.bss)
    ir_buffer                                0x200004dc   Data        1000  main.o(.bss)
    hx711                                    0x200008c4   Data          24  main.o(.bss)
    hi2c1                                    0x200008dc   Data          84  i2c.o(.bss)
    htim1                                    0x20000930   Data          72  tim.o(.bss)
    htim2                                    0x20000978   Data          72  tim.o(.bss)
    huart1                                   0x200009c0   Data          72  usart.o(.bss)
    huart2                                   0x20000a08   Data          72  usart.o(.bss)
    __libspace_start                         0x20000a50   Data          96  libspace.o(.bss)
    __temporary_stack_top$libspace           0x20000ab0   Data           0  libspace.o(.bss)



==============================================================================

Memory Map of the image

  Image Entry point : 0x080000ed

  Load Region LR_IROM1 (Base: 0x08000000, Size: 0x000065f4, Max: 0x00010000, ABSOLUTE)

    Execution Region ER_IROM1 (Exec base: 0x08000000, Load base: 0x08000000, Size: 0x000065a8, Max: 0x00010000, ABSOLUTE)

    Exec Addr    Load Addr    Size         Type   Attr      Idx    E Section Name        Object

    0x08000000   0x08000000   0x000000ec   Data   RO            3    RESET               startup_stm32f103xb.o
    0x080000ec   0x080000ec   0x00000008   Code   RO         3825  * !!!main             c_w.l(__main.o)
    0x080000f4   0x080000f4   0x00000034   Code   RO         4087    !!!scatter          c_w.l(__scatter.o)
    0x08000128   0x08000128   0x0000001a   Code   RO         4089    !!handler_copy      c_w.l(__scatter_copy.o)
    0x08000142   0x08000142   0x00000002   PAD
    0x08000144   0x08000144   0x0000001c   Code   RO         4091    !!handler_zi        c_w.l(__scatter_zi.o)
    0x08000160   0x08000160   0x00000000   Code   RO         3820    .ARM.Collect$$_printf_percent$$00000000  c_w.l(_printf_percent.o)
    0x08000160   0x08000160   0x00000006   Code   RO         3819    .ARM.Collect$$_printf_percent$$00000003  c_w.l(_printf_f.o)
    0x08000166   0x08000166   0x00000006   Code   RO         3818    .ARM.Collect$$_printf_percent$$00000009  c_w.l(_printf_d.o)
    0x0800016c   0x0800016c   0x00000004   Code   RO         3862    .ARM.Collect$$_printf_percent$$00000017  c_w.l(_printf_percent_end.o)
    0x08000170   0x08000170   0x00000002   Code   RO         3954    .ARM.Collect$$libinit$$00000000  c_w.l(libinit.o)
    0x08000172   0x08000172   0x00000000   Code   RO         3956    .ARM.Collect$$libinit$$00000002  c_w.l(libinit2.o)
    0x08000172   0x08000172   0x00000000   Code   RO         3958    .ARM.Collect$$libinit$$00000004  c_w.l(libinit2.o)
    0x08000172   0x08000172   0x00000000   Code   RO         3961    .ARM.Collect$$libinit$$0000000A  c_w.l(libinit2.o)
    0x08000172   0x08000172   0x00000000   Code   RO         3963    .ARM.Collect$$libinit$$0000000C  c_w.l(libinit2.o)
    0x08000172   0x08000172   0x00000000   Code   RO         3965    .ARM.Collect$$libinit$$0000000E  c_w.l(libinit2.o)
    0x08000172   0x08000172   0x00000006   Code   RO         3966    .ARM.Collect$$libinit$$0000000F  c_w.l(libinit2.o)
    0x08000178   0x08000178   0x00000000   Code   RO         3968    .ARM.Collect$$libinit$$00000011  c_w.l(libinit2.o)
    0x08000178   0x08000178   0x00000000   Code   RO         3970    .ARM.Collect$$libinit$$00000013  c_w.l(libinit2.o)
    0x08000178   0x08000178   0x00000000   Code   RO         3972    .ARM.Collect$$libinit$$00000015  c_w.l(libinit2.o)
    0x08000178   0x08000178   0x0000000a   Code   RO         3973    .ARM.Collect$$libinit$$00000016  c_w.l(libinit2.o)
    0x08000182   0x08000182   0x00000000   Code   RO         3974    .ARM.Collect$$libinit$$00000017  c_w.l(libinit2.o)
    0x08000182   0x08000182   0x00000000   Code   RO         3976    .ARM.Collect$$libinit$$00000019  c_w.l(libinit2.o)
    0x08000182   0x08000182   0x00000000   Code   RO         3978    .ARM.Collect$$libinit$$0000001B  c_w.l(libinit2.o)
    0x08000182   0x08000182   0x00000000   Code   RO         3980    .ARM.Collect$$libinit$$0000001D  c_w.l(libinit2.o)
    0x08000182   0x08000182   0x00000000   Code   RO         3982    .ARM.Collect$$libinit$$0000001F  c_w.l(libinit2.o)
    0x08000182   0x08000182   0x00000000   Code   RO         3984    .ARM.Collect$$libinit$$00000021  c_w.l(libinit2.o)
    0x08000182   0x08000182   0x00000000   Code   RO         3986    .ARM.Collect$$libinit$$00000023  c_w.l(libinit2.o)
    0x08000182   0x08000182   0x00000000   Code   RO         3988    .ARM.Collect$$libinit$$00000025  c_w.l(libinit2.o)
    0x08000182   0x08000182   0x00000000   Code   RO         3992    .ARM.Collect$$libinit$$0000002C  c_w.l(libinit2.o)
    0x08000182   0x08000182   0x00000000   Code   RO         3994    .ARM.Collect$$libinit$$0000002E  c_w.l(libinit2.o)
    0x08000182   0x08000182   0x00000000   Code   RO         3996    .ARM.Collect$$libinit$$00000030  c_w.l(libinit2.o)
    0x08000182   0x08000182   0x00000000   Code   RO         3998    .ARM.Collect$$libinit$$00000032  c_w.l(libinit2.o)
    0x08000182   0x08000182   0x00000002   Code   RO         3999    .ARM.Collect$$libinit$$00000033  c_w.l(libinit2.o)
    0x08000184   0x08000184   0x00000002   Code   RO         4045    .ARM.Collect$$libshutdown$$00000000  c_w.l(libshutdown.o)
    0x08000186   0x08000186   0x00000000   Code   RO         4056    .ARM.Collect$$libshutdown$$00000002  c_w.l(libshutdown2.o)
    0x08000186   0x08000186   0x00000000   Code   RO         4058    .ARM.Collect$$libshutdown$$00000004  c_w.l(libshutdown2.o)
    0x08000186   0x08000186   0x00000000   Code   RO         4061    .ARM.Collect$$libshutdown$$00000007  c_w.l(libshutdown2.o)
    0x08000186   0x08000186   0x00000000   Code   RO         4064    .ARM.Collect$$libshutdown$$0000000A  c_w.l(libshutdown2.o)
    0x08000186   0x08000186   0x00000000   Code   RO         4066    .ARM.Collect$$libshutdown$$0000000C  c_w.l(libshutdown2.o)
    0x08000186   0x08000186   0x00000000   Code   RO         4069    .ARM.Collect$$libshutdown$$0000000F  c_w.l(libshutdown2.o)
    0x08000186   0x08000186   0x00000002   Code   RO         4070    .ARM.Collect$$libshutdown$$00000010  c_w.l(libshutdown2.o)
    0x08000188   0x08000188   0x00000000   Code   RO         3851    .ARM.Collect$$rtentry$$00000000  c_w.l(__rtentry.o)
    0x08000188   0x08000188   0x00000000   Code   RO         3875    .ARM.Collect$$rtentry$$00000002  c_w.l(__rtentry2.o)
    0x08000188   0x08000188   0x00000006   Code   RO         3887    .ARM.Collect$$rtentry$$00000004  c_w.l(__rtentry4.o)
    0x0800018e   0x0800018e   0x00000000   Code   RO         3877    .ARM.Collect$$rtentry$$00000009  c_w.l(__rtentry2.o)
    0x0800018e   0x0800018e   0x00000004   Code   RO         3878    .ARM.Collect$$rtentry$$0000000A  c_w.l(__rtentry2.o)
    0x08000192   0x08000192   0x00000000   Code   RO         3880    .ARM.Collect$$rtentry$$0000000C  c_w.l(__rtentry2.o)
    0x08000192   0x08000192   0x00000008   Code   RO         3881    .ARM.Collect$$rtentry$$0000000D  c_w.l(__rtentry2.o)
    0x0800019a   0x0800019a   0x00000002   Code   RO         4002    .ARM.Collect$$rtexit$$00000000  c_w.l(rtexit.o)
    0x0800019c   0x0800019c   0x00000000   Code   RO         4013    .ARM.Collect$$rtexit$$00000002  c_w.l(rtexit2.o)
    0x0800019c   0x0800019c   0x00000004   Code   RO         4014    .ARM.Collect$$rtexit$$00000003  c_w.l(rtexit2.o)
    0x080001a0   0x080001a0   0x00000006   Code   RO         4015    .ARM.Collect$$rtexit$$00000004  c_w.l(rtexit2.o)
    0x080001a6   0x080001a6   0x00000002   PAD
    0x080001a8   0x080001a8   0x00000040   Code   RO            4    .text               startup_stm32f103xb.o
    0x080001e8   0x080001e8   0x00000048   Code   RO         3786    .text               c_w.l(llsdiv.o)
    0x08000230   0x08000230   0x00000028   Code   RO         3790    .text               c_w.l(noretval__2sprintf.o)
    0x08000258   0x08000258   0x0000004e   Code   RO         3794    .text               c_w.l(_printf_pad.o)
    0x080002a6   0x080002a6   0x00000002   PAD
    0x080002a8   0x080002a8   0x00000078   Code   RO         3796    .text               c_w.l(_printf_dec.o)
    0x08000320   0x08000320   0x00000138   Code   RO         3810    .text               c_w.l(__printf_flags_wp.o)
    0x08000458   0x08000458   0x0000004e   Code   RO         3821    .text               c_w.l(rt_memclr_w.o)
    0x080004a6   0x080004a6   0x00000006   Code   RO         3823    .text               c_w.l(heapauxi.o)
    0x080004ac   0x080004ac   0x000000ee   Code   RO         3852    .text               c_w.l(lludivv7m.o)
    0x0800059a   0x0800059a   0x000000b2   Code   RO         3854    .text               c_w.l(_printf_intcommon.o)
    0x0800064c   0x0800064c   0x0000041e   Code   RO         3856    .text               c_w.l(_printf_fp_dec.o)
    0x08000a6a   0x08000a6a   0x00000002   PAD
    0x08000a6c   0x08000a6c   0x00000030   Code   RO         3858    .text               c_w.l(_printf_char_common.o)
    0x08000a9c   0x08000a9c   0x0000000a   Code   RO         3860    .text               c_w.l(_sputc.o)
    0x08000aa6   0x08000aa6   0x00000002   PAD
    0x08000aa8   0x08000aa8   0x00000008   Code   RO         3896    .text               c_w.l(rt_locale_intlibspace.o)
    0x08000ab0   0x08000ab0   0x0000008a   Code   RO         3898    .text               c_w.l(lludiv10.o)
    0x08000b3a   0x08000b3a   0x00000002   PAD
    0x08000b3c   0x08000b3c   0x00000080   Code   RO         3900    .text               c_w.l(_printf_fp_infnan.o)
    0x08000bbc   0x08000bbc   0x000000e4   Code   RO         3904    .text               c_w.l(bigflt0.o)
    0x08000ca0   0x08000ca0   0x00000008   Code   RO         3938    .text               c_w.l(libspace.o)
    0x08000ca8   0x08000ca8   0x0000004a   Code   RO         3941    .text               c_w.l(sys_stackheap_outer.o)
    0x08000cf2   0x08000cf2   0x00000012   Code   RO         3945    .text               c_w.l(exit.o)
    0x08000d04   0x08000d04   0x00000080   Code   RO         3947    .text               c_w.l(strcmpv7m.o)
    0x08000d84   0x08000d84   0x0000000c   Code   RO         4031    .text               c_w.l(sys_exit.o)
    0x08000d90   0x08000d90   0x00000002   Code   RO         4048    .text               c_w.l(use_no_semi.o)
    0x08000d92   0x08000d92   0x00000000   Code   RO         4050    .text               c_w.l(indicate_semi.o)
    0x08000d92   0x08000d92   0x0000003e   Code   RO         3907    CL$$btod_d2e        c_w.l(btod.o)
    0x08000dd0   0x08000dd0   0x00000046   Code   RO         3909    CL$$btod_d2e_denorm_low  c_w.l(btod.o)
    0x08000e16   0x08000e16   0x00000060   Code   RO         3908    CL$$btod_d2e_norm_op1  c_w.l(btod.o)
    0x08000e76   0x08000e76   0x00000338   Code   RO         3917    CL$$btod_div_common  c_w.l(btod.o)
    0x080011ae   0x080011ae   0x000000dc   Code   RO         3914    CL$$btod_e2e        c_w.l(btod.o)
    0x0800128a   0x0800128a   0x0000002a   Code   RO         3911    CL$$btod_ediv       c_w.l(btod.o)
    0x080012b4   0x080012b4   0x0000002a   Code   RO         3910    CL$$btod_emul       c_w.l(btod.o)
    0x080012de   0x080012de   0x00000244   Code   RO         3916    CL$$btod_mult_common  c_w.l(btod.o)
    0x08001522   0x08001522   0x00000002   Code   RO          843    i.BusFault_Handler  stm32f1xx_it.o
    0x08001524   0x08001524   0x00000022   Code   RO          328    i.CalculateHeartRate  max30100.o
    0x08001546   0x08001546   0x00000002   PAD
    0x08001548   0x08001548   0x00000058   Code   RO          257    i.Check_DS          ds18b20.o
    0x080015a0   0x080015a0   0x0000001c   Code   RO          395    i.Coarse_delay_us   dht11.o
    0x080015bc   0x080015bc   0x00000020   Code   RO          397    i.DHT11_Check       dht11.o
    0x080015dc   0x080015dc   0x00000030   Code   RO          398    i.DHT11_GPIO_MODE_SET  dht11.o
    0x0800160c   0x0800160c   0x0000003c   Code   RO          399    i.DHT11_READ_BIT    dht11.o
    0x08001648   0x08001648   0x00000020   Code   RO          400    i.DHT11_READ_BYTE   dht11.o
    0x08001668   0x08001668   0x000000b4   Code   RO          401    i.DHT11_READ_DATA   dht11.o
    0x0800171c   0x0800171c   0x00000028   Code   RO          402    i.DHT11_START       dht11.o
    0x08001744   0x08001744   0x0000000e   Code   RO          258    i.DS_Init           ds18b20.o
    0x08001752   0x08001752   0x00000002   PAD
    0x08001754   0x08001754   0x00000054   Code   RO          259    i.DS_Read_Byte      ds18b20.o
    0x080017a8   0x080017a8   0x00000034   Code   RO          260    i.DS_Reset          ds18b20.o
    0x080017dc   0x080017dc   0x0000005c   Code   RO          261    i.DS_Write_Byte     ds18b20.o
    0x08001838   0x08001838   0x00000002   Code   RO          844    i.DebugMon_Handler  stm32f1xx_it.o
    0x0800183a   0x0800183a   0x0000001e   Code   RO          845    i.EXTI15_10_IRQHandler  stm32f1xx_it.o
    0x08001858   0x08001858   0x00000004   Code   RO          560    i.Error_Handler     main.o
    0x0800185c   0x0800185c   0x00000060   Code   RO          262    i.Get_DS_Temperature  ds18b20.o
    0x080018bc   0x080018bc   0x00000024   Code   RO         1441    i.HAL_Delay         stm32f1xx_hal.o
    0x080018e0   0x080018e0   0x00000028   Code   RO          637    i.HAL_GPIO_EXTI_Callback  gpio.o
    0x08001908   0x08001908   0x00000018   Code   RO         1750    i.HAL_GPIO_EXTI_IRQHandler  stm32f1xx_hal_gpio.o
    0x08001920   0x08001920   0x000001e0   Code   RO         1751    i.HAL_GPIO_Init     stm32f1xx_hal_gpio.o
    0x08001b00   0x08001b00   0x0000000a   Code   RO         1753    i.HAL_GPIO_ReadPin  stm32f1xx_hal_gpio.o
    0x08001b0a   0x08001b0a   0x0000000a   Code   RO         1755    i.HAL_GPIO_WritePin  stm32f1xx_hal_gpio.o
    0x08001b14   0x08001b14   0x0000000c   Code   RO         1445    i.HAL_GetTick       stm32f1xx_hal.o
    0x08001b20   0x08001b20   0x00000188   Code   RO         1008    i.HAL_I2C_Init      stm32f1xx_hal_i2c.o
    0x08001ca8   0x08001ca8   0x0000025c   Code   RO         1026    i.HAL_I2C_Mem_Read  stm32f1xx_hal_i2c.o
    0x08001f04   0x08001f04   0x00000130   Code   RO         1029    i.HAL_I2C_Mem_Write  stm32f1xx_hal_i2c.o
    0x08002034   0x08002034   0x0000005c   Code   RO          674    i.HAL_I2C_MspInit   i2c.o
    0x08002090   0x08002090   0x00000010   Code   RO         1451    i.HAL_IncTick       stm32f1xx_hal.o
    0x080020a0   0x080020a0   0x00000024   Code   RO         1452    i.HAL_Init          stm32f1xx_hal.o
    0x080020c4   0x080020c4   0x00000040   Code   RO         1453    i.HAL_InitTick      stm32f1xx_hal.o
    0x08002104   0x08002104   0x0000003c   Code   RO          937    i.HAL_MspInit       stm32f1xx_hal_msp.o
    0x08002140   0x08002140   0x0000001a   Code   RO         1911    i.HAL_NVIC_EnableIRQ  stm32f1xx_hal_cortex.o
    0x0800215a   0x0800215a   0x00000002   PAD
    0x0800215c   0x0800215c   0x00000040   Code   RO         1917    i.HAL_NVIC_SetPriority  stm32f1xx_hal_cortex.o
    0x0800219c   0x0800219c   0x00000024   Code   RO         1918    i.HAL_NVIC_SetPriorityGrouping  stm32f1xx_hal_cortex.o
    0x080021c0   0x080021c0   0x0000012c   Code   RO         1609    i.HAL_RCC_ClockConfig  stm32f1xx_hal_rcc.o
    0x080022ec   0x080022ec   0x0000000c   Code   RO         1614    i.HAL_RCC_GetHCLKFreq  stm32f1xx_hal_rcc.o
    0x080022f8   0x080022f8   0x00000020   Code   RO         1616    i.HAL_RCC_GetPCLK1Freq  stm32f1xx_hal_rcc.o
    0x08002318   0x08002318   0x00000020   Code   RO         1617    i.HAL_RCC_GetPCLK2Freq  stm32f1xx_hal_rcc.o
    0x08002338   0x08002338   0x0000004c   Code   RO         1618    i.HAL_RCC_GetSysClockFreq  stm32f1xx_hal_rcc.o
    0x08002384   0x08002384   0x00000320   Code   RO         1621    i.HAL_RCC_OscConfig  stm32f1xx_hal_rcc.o
    0x080026a4   0x080026a4   0x00000028   Code   RO         1922    i.HAL_SYSTICK_Config  stm32f1xx_hal_cortex.o
    0x080026cc   0x080026cc   0x00000002   Code   RO         3117    i.HAL_TIMEx_BreakCallback  stm32f1xx_hal_tim_ex.o
    0x080026ce   0x080026ce   0x00000002   Code   RO         3118    i.HAL_TIMEx_CommutCallback  stm32f1xx_hal_tim_ex.o
    0x080026d0   0x080026d0   0x00000068   Code   RO         3136    i.HAL_TIMEx_MasterConfigSynchronization  stm32f1xx_hal_tim_ex.o
    0x08002738   0x08002738   0x0000005a   Code   RO         2413    i.HAL_TIM_Base_Init  stm32f1xx_hal_tim.o
    0x08002792   0x08002792   0x00000002   PAD
    0x08002794   0x08002794   0x00000060   Code   RO          716    i.HAL_TIM_Base_MspInit  tim.o
    0x080027f4   0x080027f4   0x00000058   Code   RO         2418    i.HAL_TIM_Base_Start_IT  stm32f1xx_hal_tim.o
    0x0800284c   0x0800284c   0x000000dc   Code   RO         2422    i.HAL_TIM_ConfigClockSource  stm32f1xx_hal_tim.o
    0x08002928   0x08002928   0x00000002   Code   RO         2447    i.HAL_TIM_IC_CaptureCallback  stm32f1xx_hal_tim.o
    0x0800292a   0x0800292a   0x00000130   Code   RO         2461    i.HAL_TIM_IRQHandler  stm32f1xx_hal_tim.o
    0x08002a5a   0x08002a5a   0x00000002   Code   RO         2464    i.HAL_TIM_OC_DelayElapsedCallback  stm32f1xx_hal_tim.o
    0x08002a5c   0x08002a5c   0x00000002   Code   RO         2491    i.HAL_TIM_PWM_PulseFinishedCallback  stm32f1xx_hal_tim.o
    0x08002a5e   0x08002a5e   0x00000002   PAD
    0x08002a60   0x08002a60   0x00000070   Code   RO          717    i.HAL_TIM_PeriodElapsedCallback  tim.o
    0x08002ad0   0x08002ad0   0x00000002   Code   RO         2504    i.HAL_TIM_TriggerCallback  stm32f1xx_hal_tim.o
    0x08002ad2   0x08002ad2   0x00000064   Code   RO         3414    i.HAL_UART_Init     stm32f1xx_hal_uart.o
    0x08002b36   0x08002b36   0x00000002   PAD
    0x08002b38   0x08002b38   0x000000ac   Code   RO          771    i.HAL_UART_MspInit  usart.o
    0x08002be4   0x08002be4   0x000000a0   Code   RO         3422    i.HAL_UART_Transmit  stm32f1xx_hal_uart.o
    0x08002c84   0x08002c84   0x0000001a   Code   RO          469    i.HX711_GetWeight   hx711.o
    0x08002c9e   0x08002c9e   0x00000024   Code   RO          470    i.HX711_Init        hx711.o
    0x08002cc2   0x08002cc2   0x00000014   Code   RO          471    i.HX711_IsReady     hx711.o
    0x08002cd6   0x08002cd6   0x00000066   Code   RO          474    i.HX711_Read        hx711.o
    0x08002d3c   0x08002d3c   0x00000038   Code   RO          475    i.HX711_ReadAverage  hx711.o
    0x08002d74   0x08002d74   0x00000004   Code   RO          477    i.HX711_SetScale    hx711.o
    0x08002d78   0x08002d78   0x0000000c   Code   RO          478    i.HX711_Tare        hx711.o
    0x08002d84   0x08002d84   0x00000002   Code   RO          846    i.HardFault_Handler  stm32f1xx_it.o
    0x08002d86   0x08002d86   0x0000002e   Code   RO         1051    i.I2C_IsAcknowledgeFailed  stm32f1xx_hal_i2c.o
    0x08002db4   0x08002db4   0x000000fc   Code   RO         1061    i.I2C_RequestMemoryRead  stm32f1xx_hal_i2c.o
    0x08002eb0   0x08002eb0   0x000000a8   Code   RO         1062    i.I2C_RequestMemoryWrite  stm32f1xx_hal_i2c.o
    0x08002f58   0x08002f58   0x00000056   Code   RO         1066    i.I2C_WaitOnBTFFlagUntilTimeout  stm32f1xx_hal_i2c.o
    0x08002fae   0x08002fae   0x00000002   PAD
    0x08002fb0   0x08002fb0   0x00000090   Code   RO         1067    i.I2C_WaitOnFlagUntilTimeout  stm32f1xx_hal_i2c.o
    0x08003040   0x08003040   0x000000bc   Code   RO         1068    i.I2C_WaitOnMasterAddressFlagUntilTimeout  stm32f1xx_hal_i2c.o
    0x080030fc   0x080030fc   0x00000070   Code   RO         1069    i.I2C_WaitOnRXNEFlagUntilTimeout  stm32f1xx_hal_i2c.o
    0x0800316c   0x0800316c   0x00000056   Code   RO         1070    i.I2C_WaitOnTXEFlagUntilTimeout  stm32f1xx_hal_i2c.o
    0x080031c2   0x080031c2   0x0000005e   Code   RO          330    i.MAX30100_Init     max30100.o
    0x08003220   0x08003220   0x00000034   Code   RO          331    i.MAX30100_ReadFIFO  max30100.o
    0x08003254   0x08003254   0x0000001a   Code   RO          332    i.MAX30100_ReadReg  max30100.o
    0x0800326e   0x0800326e   0x00000008   Code   RO          333    i.MAX30100_Reset    max30100.o
    0x08003276   0x08003276   0x0000001c   Code   RO          334    i.MAX30100_WriteReg  max30100.o
    0x08003292   0x08003292   0x00000002   PAD
    0x08003294   0x08003294   0x00000118   Code   RO          638    i.MX_GPIO_Init      gpio.o
    0x080033ac   0x080033ac   0x00000040   Code   RO          675    i.MX_I2C1_Init      i2c.o
    0x080033ec   0x080033ec   0x00000070   Code   RO          718    i.MX_TIM1_Init      tim.o
    0x0800345c   0x0800345c   0x0000006c   Code   RO          719    i.MX_TIM2_Init      tim.o
    0x080034c8   0x080034c8   0x00000038   Code   RO          772    i.MX_USART1_UART_Init  usart.o
    0x08003500   0x08003500   0x00000038   Code   RO          773    i.MX_USART2_UART_Init  usart.o
    0x08003538   0x08003538   0x00000002   Code   RO          847    i.MemManage_Handler  stm32f1xx_it.o
    0x0800353a   0x0800353a   0x00000002   Code   RO          848    i.NMI_Handler       stm32f1xx_it.o
    0x0800353c   0x0800353c   0x0000002c   Code   RO           13    i.OLED_Clear        oled.o
    0x08003568   0x08003568   0x00000018   Code   RO           14    i.OLED_ColorTurn    oled.o
    0x08003580   0x08003580   0x0000002c   Code   RO           17    i.OLED_DisplayTurn  oled.o
    0x080035ac   0x080035ac   0x0000002c   Code   RO           20    i.OLED_DrawPoint    oled.o
    0x080035d8   0x080035d8   0x00000110   Code   RO           21    i.OLED_Init         oled.o
    0x080036e8   0x080036e8   0x0000004c   Code   RO           23    i.OLED_Refresh      oled.o
    0x08003734   0x08003734   0x000000e4   Code   RO           25    i.OLED_ShowChar     oled.o
    0x08003818   0x08003818   0x0000003c   Code   RO           29    i.OLED_ShowString   oled.o
    0x08003854   0x08003854   0x00000084   Code   RO           30    i.OLED_WR_Byte      oled.o
    0x080038d8   0x080038d8   0x00000002   Code   RO          849    i.PendSV_Handler    stm32f1xx_it.o
    0x080038da   0x080038da   0x00000002   Code   RO          850    i.SVC_Handler       stm32f1xx_it.o
    0x080038dc   0x080038dc   0x00000038   Code   RO          263    i.Set_DS_Pin_In     ds18b20.o
    0x08003914   0x08003914   0x00000038   Code   RO          264    i.Set_DS_Pin_Out    ds18b20.o
    0x0800394c   0x0800394c   0x00000004   Code   RO          851    i.SysTick_Handler   stm32f1xx_it.o
    0x08003950   0x08003950   0x0000005e   Code   RO          561    i.SystemClock_Config  main.o
    0x080039ae   0x080039ae   0x00000002   Code   RO         3748    i.SystemInit        system_stm32f1xx.o
    0x080039b0   0x080039b0   0x0000000c   Code   RO          852    i.TIM1_UP_IRQHandler  stm32f1xx_it.o
    0x080039bc   0x080039bc   0x0000000c   Code   RO          853    i.TIM2_IRQHandler   stm32f1xx_it.o
    0x080039c8   0x080039c8   0x00000078   Code   RO         2506    i.TIM_Base_SetConfig  stm32f1xx_hal_tim.o
    0x08003a40   0x08003a40   0x00000014   Code   RO         2517    i.TIM_ETR_SetConfig  stm32f1xx_hal_tim.o
    0x08003a54   0x08003a54   0x00000010   Code   RO         2518    i.TIM_ITRx_SetConfig  stm32f1xx_hal_tim.o
    0x08003a64   0x08003a64   0x00000022   Code   RO         2524    i.TIM_TI1_ConfigInputStage  stm32f1xx_hal_tim.o
    0x08003a86   0x08003a86   0x00000024   Code   RO         2526    i.TIM_TI2_ConfigInputStage  stm32f1xx_hal_tim.o
    0x08003aaa   0x08003aaa   0x0000004e   Code   RO         3437    i.UART_EndRxTransfer  stm32f1xx_hal_uart.o
    0x08003af8   0x08003af8   0x000000b8   Code   RO         3440    i.UART_SetConfig    stm32f1xx_hal_uart.o
    0x08003bb0   0x08003bb0   0x00000072   Code   RO         3443    i.UART_WaitOnFlagUntilTimeout  stm32f1xx_hal_uart.o
    0x08003c22   0x08003c22   0x00000002   Code   RO          854    i.UsageFault_Handler  stm32f1xx_it.o
    0x08003c24   0x08003c24   0x00000028   Code   RO         3936    i.__ARM_fpclassify  m_ws.l(fpclassify.o)
    0x08003c4c   0x08003c4c   0x00000020   Code   RO         1924    i.__NVIC_SetPriority  stm32f1xx_hal_cortex.o
    0x08003c6c   0x08003c6c   0x0000000e   Code   RO         3808    i._is_digit         c_w.l(__printf_wp.o)
    0x08003c7a   0x08003c7a   0x00000002   PAD
    0x08003c7c   0x08003c7c   0x00000018   Code   RO          774    i.anshi_chiyao      usart.o
    0x08003c94   0x08003c94   0x0000004c   Code   RO          265    i.delay_us          ds18b20.o
    0x08003ce0   0x08003ce0   0x000001f0   Code   RO          562    i.main              main.o
    0x08003ed0   0x08003ed0   0x00000038   Code   RO          335    i.moving_average    max30100.o
    0x08003f08   0x08003f08   0x0000009c   Code   RO          775    i.uart1_send_messageCALL  usart.o
    0x08003fa4   0x08003fa4   0x000000a8   Code   RO          776    i.uart1_send_messageXIN  usart.o
    0x0800404c   0x0800404c   0x00000118   Code   RO          563    i.ui_setting        main.o
    0x08004164   0x08004164   0x00000018   Code   RO          777    i.xinlv_yichang     usart.o
    0x0800417c   0x0800417c   0x0000002c   Code   RO         3930    locale$$code        c_w.l(lc_numeric_c.o)
    0x080041a8   0x080041a8   0x00000062   Code   RO         3827    x$fpl$d2f           fz_ws.l(d2f.o)
    0x0800420a   0x0800420a   0x00000002   PAD
    0x0800420c   0x0800420c   0x00000010   Code   RO         3863    x$fpl$dcheck1       fz_ws.l(dcheck1.o)
    0x0800421c   0x0800421c   0x0000002e   Code   RO         3830    x$fpl$dflt          fz_ws.l(dflt_clz.o)
    0x0800424a   0x0800424a   0x0000009c   Code   RO         3865    x$fpl$dnaninf       fz_ws.l(dnaninf.o)
    0x080042e6   0x080042e6   0x0000000c   Code   RO         3867    x$fpl$dretinf       fz_ws.l(dretinf.o)
    0x080042f2   0x080042f2   0x00000002   PAD
    0x080042f4   0x080042f4   0x00000056   Code   RO         3835    x$fpl$f2d           fz_ws.l(f2d.o)
    0x0800434a   0x0800434a   0x00000002   PAD
    0x0800434c   0x0800434c   0x00000184   Code   RO         3838    x$fpl$fdiv          fz_ws.l(fdiv.o)
    0x080044d0   0x080044d0   0x00000030   Code   RO         3842    x$fpl$fflt          fz_ws.l(fflt_clz.o)
    0x08004500   0x08004500   0x0000008c   Code   RO         3869    x$fpl$fnaninf       fz_ws.l(fnaninf.o)
    0x0800458c   0x0800458c   0x0000000a   Code   RO         3871    x$fpl$fretinf       fz_ws.l(fretinf.o)
    0x08004596   0x08004596   0x00000004   Code   RO         3847    x$fpl$printf1       fz_ws.l(printf1.o)
    0x0800459a   0x0800459a   0x00000064   Code   RO         3934    x$fpl$retnan        fz_ws.l(retnan.o)
    0x080045fe   0x080045fe   0x0000005c   Code   RO         3849    x$fpl$scalbn        fz_ws.l(scalbn.o)
    0x0800465a   0x0800465a   0x00000030   Code   RO         4000    x$fpl$trapveneer    fz_ws.l(trapv.o)
    0x0800468a   0x0800468a   0x00000000   Code   RO         3873    x$fpl$usenofp       fz_ws.l(usenofp.o)
    0x0800468a   0x0800468a   0x00001e10   Data   RO           33    .constdata          oled.o
    0x0800649a   0x0800649a   0x00000012   Data   RO         1622    .constdata          stm32f1xx_hal_rcc.o
    0x080064ac   0x080064ac   0x00000010   Data   RO         3749    .constdata          system_stm32f1xx.o
    0x080064bc   0x080064bc   0x00000008   Data   RO         3750    .constdata          system_stm32f1xx.o
    0x080064c4   0x080064c4   0x00000011   Data   RO         3811    .constdata          c_w.l(__printf_flags_wp.o)
    0x080064d5   0x080064d5   0x00000003   PAD
    0x080064d8   0x080064d8   0x00000094   Data   RO         3905    .constdata          c_w.l(bigflt0.o)
    0x0800656c   0x0800656c   0x00000020   Data   RO         4085    Region$$Table       anon$$obj.o
    0x0800658c   0x0800658c   0x0000001c   Data   RO         3929    locale$$data        c_w.l(lc_numeric_c.o)


    Execution Region RW_IRAM1 (Exec base: 0x20000000, Load base: 0x080065a8, Size: 0x000010b0, Max: 0x00005000, ABSOLUTE)

    Exec Addr    Load Addr    Size         Type   Attr      Idx    E Section Name        Object

    0x20000000   0x080065a8   0x00000010   Data   RW          566    .data               main.o
    0x20000010   0x080065b8   0x00000001   Data   RW          639    .data               gpio.o
    0x20000011   0x080065b9   0x00000003   PAD
    0x20000014   0x080065bc   0x0000000c   Data   RW          721    .data               tim.o
    0x20000020   0x080065c8   0x0000001a   Data   RW          779    .data               usart.o
    0x2000003a   0x080065e2   0x00000002   PAD
    0x2000003c   0x080065e4   0x0000000c   Data   RW         1459    .data               stm32f1xx_hal.o
    0x20000048   0x080065f0   0x00000004   Data   RW         3751    .data               system_stm32f1xx.o
    0x2000004c        -       0x00000480   Zero   RW           32    .bss                oled.o
    0x200004cc        -       0x00000410   Zero   RW          564    .bss                main.o
    0x200008dc        -       0x00000054   Zero   RW          676    .bss                i2c.o
    0x20000930        -       0x00000090   Zero   RW          720    .bss                tim.o
    0x200009c0        -       0x00000090   Zero   RW          778    .bss                usart.o
    0x20000a50        -       0x00000060   Zero   RW         3939    .bss                c_w.l(libspace.o)
    0x20000ab0        -       0x00000200   Zero   RW            2    HEAP                startup_stm32f103xb.o
    0x20000cb0        -       0x00000400   Zero   RW            1    STACK               startup_stm32f103xb.o


==============================================================================

Image component sizes


      Code (inc. data)   RO Data    RW Data    ZI Data      Debug   Object Name

       420         52          0          0          0       4041   dht11.o
       614         42          0          0          0       5272   ds18b20.o
       320         26          0          1          0       1993   gpio.o
       256          0          0          0          0       4746   hx711.o
       156         26          0          0         84       1569   i2c.o
       874        122          0         16       1040       5234   main.o
       298          0          0          0          0       5814   max30100.o
       924         44       7696          0       1152     440271   oled.o
        64         26        236          0       1536        796   startup_stm32f103xb.o
       164         28          0         12          0       5793   stm32f1xx_hal.o
       198         14          0          0          0      28851   stm32f1xx_hal_cortex.o
       524         40          0          0          0       4034   stm32f1xx_hal_gpio.o
      2382         56          0          0          0      12842   stm32f1xx_hal_i2c.o
        60          8          0          0          0        846   stm32f1xx_hal_msp.o
      1252         90         18          0          0       5464   stm32f1xx_hal_rcc.o
       936         24          0          0          0       9653   stm32f1xx_hal_tim.o
       108         12          0          0          0       2345   stm32f1xx_hal_tim_ex.o
       636          6          0          0          0       4552   stm32f1xx_hal_uart.o
        74         12          0          0          0       5060   stm32f1xx_it.o
         2          0         24          4          0       1071   system_stm32f1xx.o
       428         44          0         12        144       3024   tim.o
       656        196          0         26        144       4176   usart.o

    ----------------------------------------------------------------------
     11362        868       8006         76       4100     557447   Object Totals
         0          0         32          0          0          0   (incl. Generated)
        16          0          0          5          0          0   (incl. Padding)

    ----------------------------------------------------------------------

      Code (inc. data)   RO Data    RW Data    ZI Data      Debug   Library Member Name

         8          0          0          0          0         68   __main.o
       312          4         17          0          0         92   __printf_flags_wp.o
        14          0          0          0          0         68   __printf_wp.o
         0          0          0          0          0          0   __rtentry.o
        12          0          0          0          0          0   __rtentry2.o
         6          0          0          0          0          0   __rtentry4.o
        52          8          0          0          0          0   __scatter.o
        26          0          0          0          0          0   __scatter_copy.o
        28          0          0          0          0          0   __scatter_zi.o
        48          6          0          0          0         96   _printf_char_common.o
         6          0          0          0          0          0   _printf_d.o
       120         16          0          0          0         92   _printf_dec.o
         6          0          0          0          0          0   _printf_f.o
      1054          0          0          0          0        216   _printf_fp_dec.o
       128         16          0          0          0         84   _printf_fp_infnan.o
       178          0          0          0          0         88   _printf_intcommon.o
        78          0          0          0          0        108   _printf_pad.o
         0          0          0          0          0          0   _printf_percent.o
         4          0          0          0          0          0   _printf_percent_end.o
        10          0          0          0          0         68   _sputc.o
       228          4        148          0          0         96   bigflt0.o
      1936        128          0          0          0        672   btod.o
        18          0          0          0          0         80   exit.o
         6          0          0          0          0        152   heapauxi.o
         0          0          0          0          0          0   indicate_semi.o
        44         10         28          0          0         76   lc_numeric_c.o
         2          0          0          0          0          0   libinit.o
        18          0          0          0          0          0   libinit2.o
         2          0          0          0          0          0   libshutdown.o
         2          0          0          0          0          0   libshutdown2.o
         8          4          0          0         96         68   libspace.o
        72          0          0          0          0         76   llsdiv.o
       138          0          0          0          0         80   lludiv10.o
       238          0          0          0          0        100   lludivv7m.o
        40          6          0          0          0         84   noretval__2sprintf.o
         8          4          0          0          0         68   rt_locale_intlibspace.o
        78          0          0          0          0         80   rt_memclr_w.o
         2          0          0          0          0          0   rtexit.o
        10          0          0          0          0          0   rtexit2.o
       128          0          0          0          0         68   strcmpv7m.o
        12          4          0          0          0         68   sys_exit.o
        74          0          0          0          0         80   sys_stackheap_outer.o
         2          0          0          0          0         68   use_no_semi.o
        98          4          0          0          0         92   d2f.o
        16          4          0          0          0         68   dcheck1.o
        46          0          0          0          0         68   dflt_clz.o
       156          4          0          0          0         92   dnaninf.o
        12          0          0          0          0         68   dretinf.o
        86          4          0          0          0         84   f2d.o
       388         76          0          0          0         96   fdiv.o
        48          0          0          0          0         68   fflt_clz.o
       140          4          0          0          0         84   fnaninf.o
        10          0          0          0          0         68   fretinf.o
         4          0          0          0          0         68   printf1.o
       100          0          0          0          0         68   retnan.o
        92          0          0          0          0         68   scalbn.o
        48          0          0          0          0         68   trapv.o
         0          0          0          0          0          0   usenofp.o
        40          0          0          0          0         68   fpclassify.o

    ----------------------------------------------------------------------
      6460        306        196          0         96       4024   Library Totals
        20          0          3          0          0          0   (incl. Padding)

    ----------------------------------------------------------------------

      Code (inc. data)   RO Data    RW Data    ZI Data      Debug   Library Name

      5156        210        193          0         96       2896   c_w.l
      1244         96          0          0          0       1060   fz_ws.l
        40          0          0          0          0         68   m_ws.l

    ----------------------------------------------------------------------
      6460        306        196          0         96       4024   Library Totals

    ----------------------------------------------------------------------

==============================================================================


      Code (inc. data)   RO Data    RW Data    ZI Data      Debug   

     17822       1174       8202         76       4196     552991   Grand Totals
     17822       1174       8202         76       4196     552991   ELF Image Totals
     17822       1174       8202         76          0          0   ROM Totals

==============================================================================

    Total RO  Size (Code + RO Data)                26024 (  25.41kB)
    Total RW  Size (RW Data + ZI Data)              4272 (   4.17kB)
    Total ROM Size (Code + RO Data + RW Data)      26100 (  25.49kB)

==============================================================================

